Archive member included to satisfy reference by file (symbol)

/Applications/STM32CubeIDE.app/Contents/Eclipse/plugins/com.st.stm32cube.ide.mcu.externaltools.gnu-tools-for-stm32.13.3.rel1.macos64_1.0.0.202411102158/tools/bin/../lib/gcc/arm-none-eabi/13.3.1/../../../../arm-none-eabi/lib/thumb/v7e-m+fp/hard/libc_nano.a(libc_a-exit.o)
                              /Applications/STM32CubeIDE.app/Contents/Eclipse/plugins/com.st.stm32cube.ide.mcu.externaltools.gnu-tools-for-stm32.13.3.rel1.macos64_1.0.0.202411102158/tools/bin/../lib/gcc/arm-none-eabi/13.3.1/../../../../arm-none-eabi/lib/thumb/v7e-m+fp/hard/crt0.o (exit)
/Applications/STM32CubeIDE.app/Contents/Eclipse/plugins/com.st.stm32cube.ide.mcu.externaltools.gnu-tools-for-stm32.13.3.rel1.macos64_1.0.0.202411102158/tools/bin/../lib/gcc/arm-none-eabi/13.3.1/../../../../arm-none-eabi/lib/thumb/v7e-m+fp/hard/libc_nano.a(libc_a-findfp.o)
                              /Applications/STM32CubeIDE.app/Contents/Eclipse/plugins/com.st.stm32cube.ide.mcu.externaltools.gnu-tools-for-stm32.13.3.rel1.macos64_1.0.0.202411102158/tools/bin/../lib/gcc/arm-none-eabi/13.3.1/../../../../arm-none-eabi/lib/thumb/v7e-m+fp/hard/libc_nano.a(libc_a-exit.o) (__stdio_exit_handler)
/Applications/STM32CubeIDE.app/Contents/Eclipse/plugins/com.st.stm32cube.ide.mcu.externaltools.gnu-tools-for-stm32.13.3.rel1.macos64_1.0.0.202411102158/tools/bin/../lib/gcc/arm-none-eabi/13.3.1/../../../../arm-none-eabi/lib/thumb/v7e-m+fp/hard/libc_nano.a(libc_a-fwalk.o)
                              /Applications/STM32CubeIDE.app/Contents/Eclipse/plugins/com.st.stm32cube.ide.mcu.externaltools.gnu-tools-for-stm32.13.3.rel1.macos64_1.0.0.202411102158/tools/bin/../lib/gcc/arm-none-eabi/13.3.1/../../../../arm-none-eabi/lib/thumb/v7e-m+fp/hard/libc_nano.a(libc_a-findfp.o) (_fwalk_sglue)
/Applications/STM32CubeIDE.app/Contents/Eclipse/plugins/com.st.stm32cube.ide.mcu.externaltools.gnu-tools-for-stm32.13.3.rel1.macos64_1.0.0.202411102158/tools/bin/../lib/gcc/arm-none-eabi/13.3.1/../../../../arm-none-eabi/lib/thumb/v7e-m+fp/hard/libc_nano.a(libc_a-memset.o)
                              /Applications/STM32CubeIDE.app/Contents/Eclipse/plugins/com.st.stm32cube.ide.mcu.externaltools.gnu-tools-for-stm32.13.3.rel1.macos64_1.0.0.202411102158/tools/bin/../lib/gcc/arm-none-eabi/13.3.1/../../../../arm-none-eabi/lib/thumb/v7e-m+fp/hard/crt0.o (memset)
/Applications/STM32CubeIDE.app/Contents/Eclipse/plugins/com.st.stm32cube.ide.mcu.externaltools.gnu-tools-for-stm32.13.3.rel1.macos64_1.0.0.202411102158/tools/bin/../lib/gcc/arm-none-eabi/13.3.1/../../../../arm-none-eabi/lib/thumb/v7e-m+fp/hard/libc_nano.a(libc_a-errno.o)
                              ./Core/Src/syscalls.o (__errno)
/Applications/STM32CubeIDE.app/Contents/Eclipse/plugins/com.st.stm32cube.ide.mcu.externaltools.gnu-tools-for-stm32.13.3.rel1.macos64_1.0.0.202411102158/tools/bin/../lib/gcc/arm-none-eabi/13.3.1/../../../../arm-none-eabi/lib/thumb/v7e-m+fp/hard/libc_nano.a(libc_a-init.o)
                              /Applications/STM32CubeIDE.app/Contents/Eclipse/plugins/com.st.stm32cube.ide.mcu.externaltools.gnu-tools-for-stm32.13.3.rel1.macos64_1.0.0.202411102158/tools/bin/../lib/gcc/arm-none-eabi/13.3.1/../../../../arm-none-eabi/lib/thumb/v7e-m+fp/hard/crt0.o (__libc_init_array)
/Applications/STM32CubeIDE.app/Contents/Eclipse/plugins/com.st.stm32cube.ide.mcu.externaltools.gnu-tools-for-stm32.13.3.rel1.macos64_1.0.0.202411102158/tools/bin/../lib/gcc/arm-none-eabi/13.3.1/../../../../arm-none-eabi/lib/thumb/v7e-m+fp/hard/libc_nano.a(libc_a-lock.o)
                              /Applications/STM32CubeIDE.app/Contents/Eclipse/plugins/com.st.stm32cube.ide.mcu.externaltools.gnu-tools-for-stm32.13.3.rel1.macos64_1.0.0.202411102158/tools/bin/../lib/gcc/arm-none-eabi/13.3.1/../../../../arm-none-eabi/lib/thumb/v7e-m+fp/hard/libc_nano.a(libc_a-findfp.o) (__retarget_lock_init_recursive)
/Applications/STM32CubeIDE.app/Contents/Eclipse/plugins/com.st.stm32cube.ide.mcu.externaltools.gnu-tools-for-stm32.13.3.rel1.macos64_1.0.0.202411102158/tools/bin/../lib/gcc/arm-none-eabi/13.3.1/../../../../arm-none-eabi/lib/thumb/v7e-m+fp/hard/libc_nano.a(libc_a-impure.o)
                              /Applications/STM32CubeIDE.app/Contents/Eclipse/plugins/com.st.stm32cube.ide.mcu.externaltools.gnu-tools-for-stm32.13.3.rel1.macos64_1.0.0.202411102158/tools/bin/../lib/gcc/arm-none-eabi/13.3.1/../../../../arm-none-eabi/lib/thumb/v7e-m+fp/hard/libc_nano.a(libc_a-errno.o) (_impure_ptr)
/Applications/STM32CubeIDE.app/Contents/Eclipse/plugins/com.st.stm32cube.ide.mcu.externaltools.gnu-tools-for-stm32.13.3.rel1.macos64_1.0.0.202411102158/tools/bin/../lib/gcc/arm-none-eabi/13.3.1/../../../../arm-none-eabi/lib/thumb/v7e-m+fp/hard/libc_nano.a(libc_a-mallocr.o)
[...]
Memory Configuration

Name             Origin             Length             Attributes
FLASH            0x08000000         0x00080000         xr
RAM              0x20000008         0x0002fff8         xrw
RAM_SHARED       0x20030000         0x00002800         xrw
*default*        0x00000000         0xffffffff

Linker script and memory map

LOAD /Applications/STM32CubeIDE.app/Contents/Eclipse/plugins/com.st.stm32cube.ide.mcu.externaltools.gnu-tools-for-stm32.13.3.rel1.macos64_1.0.0.202411102158/tools/bin/../lib/gcc/arm-none-eabi/13.3.1/thumb/v7e-m+fp/hard/crti.o
LOAD /Applications/STM32CubeIDE.app/Contents/Eclipse/plugins/com.st.stm32cube.ide.mcu.externaltools.gnu-tools-for-stm32.13.3.rel1.macos64_1.0.0.202411102158/tools/bin/../lib/gcc/arm-none-eabi/13.3.1/thumb/v7e-m+fp/hard/crtbegin.o
LOAD /Applications/STM32CubeIDE.app/Contents/Eclipse/plugins/com.st.stm32cube.ide.mcu.externaltools.gnu-tools-for-stm32.13.3.rel1.macos64_1.0.0.202411102158/tools/bin/../lib/gcc/arm-none-eabi/13.3.1/../../../../arm-none-eabi/lib/thumb/v7e-m+fp/hard/crt0.o
LOAD ./Core/Src/DPS368-Barometer.o
LOAD ./Core/Src/SCD41-CO2Sensor.o
LOAD ./Core/Src/SSD1309-OLED.o
LOAD ./Core/Src/gpio.o
LOAD ./Core/Src/i2c.o
LOAD ./Core/Src/main.o
LOAD ./Core/Src/memorymap.o
LOAD ./Core/Src/rf.o
LOAD ./Core/Src/spi.o
LOAD ./Core/Src/stm32wbxx_hal_msp.o
LOAD ./Core/Src/stm32wbxx_it.o
LOAD ./Core/Src/syscalls.o
LOAD ./Core/Src/sysmem.o
LOAD ./Core/Src/system_stm32wbxx.o
LOAD ./Core/Src/tim.o
LOAD ./Core/Src/usb.o
LOAD ./Core/Startup/startup_stm32wb55cgux.o
LOAD ./Drivers/STM32WBxx_HAL_Driver/Src/stm32wbxx_hal.o
LOAD ./Drivers/STM32WBxx_HAL_Driver/Src/stm32wbxx_hal_cortex.o
LOAD ./Drivers/STM32WBxx_HAL_Driver/Src/stm32wbxx_hal_dma.o
LOAD ./Drivers/STM32WBxx_HAL_Driver/Src/stm32wbxx_hal_dma_ex.o
LOAD ./Drivers/STM32WBxx_HAL_Driver/Src/stm32wbxx_hal_exti.o
LOAD ./Drivers/STM32WBxx_HAL_Driver/Src/stm32wbxx_hal_flash.o
LOAD ./Drivers/STM32WBxx_HAL_Driver/Src/stm32wbxx_hal_flash_ex.o
LOAD ./Drivers/STM32WBxx_HAL_Driver/Src/stm32wbxx_hal_gpio.o
LOAD ./Drivers/STM32WBxx_HAL_Driver/Src/stm32wbxx_hal_hsem.o
LOAD ./Drivers/STM32WBxx_HAL_Driver/Src/stm32wbxx_hal_i2c.o
LOAD ./Drivers/STM32WBxx_HAL_Driver/Src/stm32wbxx_hal_i2c_ex.o
LOAD ./Drivers/STM32WBxx_HAL_Driver/Src/stm32wbxx_hal_pcd.o
LOAD ./Drivers/STM32WBxx_HAL_Driver/Src/stm32wbxx_hal_pcd_ex.o
LOAD ./Drivers/STM32WBxx_HAL_Driver/Src/stm32wbxx_hal_pwr.o
LOAD ./Drivers/STM32WBxx_HAL_Driver/Src/stm32wbxx_hal_pwr_ex.o
LOAD ./Drivers/STM32WBxx_HAL_Driver/Src/stm32wbxx_hal_rcc.o
LOAD ./Drivers/STM32WBxx_HAL_Driver/Src/stm32wbxx_hal_rcc_ex.o
LOAD ./Drivers/STM32WBxx_HAL_Driver/Src/stm32wbxx_hal_spi.o
LOAD ./Drivers/STM32WBxx_HAL_Driver/Src/stm32wbxx_hal_spi_ex.o
LOAD ./Drivers/STM32WBxx_HAL_Driver/Src/stm32wbxx_hal_tim.o
LOAD ./Drivers/STM32WBxx_HAL_Driver/Src/stm32wbxx_hal_tim_ex.o
LOAD ./Drivers/STM32WBxx_HAL_Driver/Src/stm32wbxx_ll_rcc.o
LOAD ./Drivers/STM32WBxx_HAL_Driver/Src/stm32wbxx_ll_usb.o
START GROUP
LOAD /Applications/STM32CubeIDE.app/Contents/Eclipse/plugins/com.st.stm32cube.ide.mcu.externaltools.gnu-tools-for-stm32.13.3.rel1.macos64_1.0.0.202411102158/tools/bin/../lib/gcc/arm-none-eabi/13.3.1/../../../../arm-none-eabi/lib/thumb/v7e-m+fp/hard/libc_nano.a
LOAD /Applications/STM32CubeIDE.app/Contents/Eclipse/plugins/com.st.stm32cube.ide.mcu.externaltools.gnu-tools-for-stm32.13.3.rel1.macos64_1.0.0.202411102158/tools/bin/../lib/gcc/arm-none-eabi/13.3.1/../../../../arm-none-eabi/lib/thumb/v7e-m+fp/hard/libm.a
END GROUP
START GROUP
LOAD /Applications/STM32CubeIDE.app/Contents/Eclipse/plugins/com.st.stm32cube.ide.mcu.externaltools.gnu-tools-for-stm32.13.3.rel1.macos64_1.0.0.202411102158/tools/bin/../lib/gcc/arm-none-eabi/13.3.1/thumb/v7e-m+fp/hard/libgcc.a
LOAD /Applications/STM32CubeIDE.app/Contents/Eclipse/plugins/com.st.stm32cube.ide.mcu.externaltools.gnu-tools-for-stm32.13.3.rel1.macos64_1.0.0.202411102158/tools/bin/../lib/gcc/arm-none-eabi/13.3.1/../../../../arm-none-eabi/lib/thumb/v7e-m+fp/hard/libc_nano.a
END GROUP
START GROUP
LOAD /Applications/STM32CubeIDE.app/Contents/Eclipse/plugins/com.st.stm32cube.ide.mcu.externaltools.gnu-tools-for-stm32.13.3.rel1.macos64_1.0.0.202411102158/tools/bin/../lib/gcc/arm-none-eabi/13.3.1/thumb/v7e-m+fp/hard/libgcc.a
LOAD /Applications/STM32CubeIDE.app/Contents/Eclipse/plugins/com.st.stm32cube.ide.mcu.externaltools.gnu-tools-for-stm32.13.3.rel1.macos64_1.0.0.202411102158/tools/bin/../lib/gcc/arm-none-eabi/13.3.1/../../../../arm-none-eabi/lib/thumb/v7e-m+fp/hard/libc_nano.a
LOAD /Applications/STM32CubeIDE.app/Contents/Eclipse/plugins/com.st.stm32cube.ide.mcu.externaltools.gnu-tools-for-stm32.13.3.rel1.macos64_1.0.0.202411102158/tools/bin/../lib/gcc/arm-none-eabi/13.3.1/../../../../arm-none-eabi/lib/thumb/v7e-m+fp/hard/libnosys.a
END GROUP
START GROUP
LOAD /Applications/STM32CubeIDE.app/Contents/Eclipse/plugins/com.st.stm32cube.ide.mcu.externaltools.gnu-tools-for-stm32.13.3.rel1.macos64_1.0.0.202411102158/tools/bin/../lib/gcc/arm-none-eabi/13.3.1/thumb/v7e-m+fp/hard/libgcc.a
LOAD /Applications/STM32CubeIDE.app/Contents/Eclipse/plugins/com.st.stm32cube.ide.mcu.externaltools.gnu-tools-for-stm32.13.3.rel1.macos64_1.0.0.202411102158/tools/bin/../lib/gcc/arm-none-eabi/13.3.1/../../../../arm-none-eabi/lib/thumb/v7e-m+fp/hard/libc_nano.a
LOAD /Applications/STM32CubeIDE.app/Contents/Eclipse/plugins/com.st.stm32cube.ide.mcu.externaltools.gnu-tools-for-stm32.13.3.rel1.macos64_1.0.0.202411102158/tools/bin/../lib/gcc/arm-none-eabi/13.3.1/../../../../arm-none-eabi/lib/thumb/v7e-m+fp/hard/libnosys.a
END GROUP
LOAD /Applications/STM32CubeIDE.app/Contents/Eclipse/plugins/com.st.stm32cube.ide.mcu.externaltools.gnu-tools-for-stm32.13.3.rel1.macos64_1.0.0.202411102158/tools/bin/../lib/gcc/arm-none-eabi/13.3.1/thumb/v7e-m+fp/hard/crtend.o
LOAD /Applications/STM32CubeIDE.app/Contents/Eclipse/plugins/com.st.stm32cube.ide.mcu.externaltools.gnu-tools-for-stm32.13.3.rel1.macos64_1.0.0.202411102158/tools/bin/../lib/gcc/arm-none-eabi/13.3.1/thumb/v7e-m+fp/hard/crtn.o
                0x20030000                        _estack = (ORIGIN (RAM) + LENGTH (RAM))
                0x00000200                        _Min_Heap_Size = 0x200
                0x00000400                        _Min_Stack_Size = 0x400

.isr_vector     0x08000000      0x13c
                0x08000000                        . = ALIGN (0x4)
 *(.isr_vector)
 .isr_vector    0x08000000      0x13c ./Core/Startup/startup_stm32wb55cgux.o
                0x08000000                g_pfnVectors
                0x0800013c                        . = ALIGN (0x4)

.text           0x08000140     0x68a0
                0x08000140                        . = ALIGN (0x4)
 *(.text)
 .text          0x08000140       0x40 /Applications/STM32CubeIDE.app/Contents/Eclipse/plugins/com.st.stm32cube.ide.mcu.externaltools.gnu-tools-for-stm32.13.3.rel1.macos64_1.0.0.202411102158/tools/bin/../lib/gcc/arm-none-eabi/13.3.1/thumb/v7e-m+fp/hard/crtbegin.o
 .text          0x08000180      0x254 /Applications/STM32CubeIDE.app/Contents/Eclipse/plugins/com.st.stm32cube.ide.mcu.externaltools.gnu-tools-for-stm32.13.3.rel1.macos64_1.0.0.202411102158/tools/bin/../lib/gcc/arm-none-eabi/13.3.1/thumb/v7e-m+fp/hard/libgcc.a(_arm_muldf3.o)
                0x08000180                __aeabi_dmul
                0x08000180                __muldf3
 .text          0x080003d4      0x378 /Applications/STM32CubeIDE.app/Contents/Eclipse/plugins/com.st.stm32cube.ide.mcu.externaltools.gnu-tools-for-stm32.13.3.rel1.macos64_1.0.0.202411102158/tools/bin/../lib/gcc/arm-none-eabi/13.3.1/thumb/v7e-m+fp/hard/libgcc.a(_arm_addsubdf3.o)
                0x080003d4                __aeabi_drsub
                0x080003dc                __subdf3
                0x080003dc                __aeabi_dsub
                0x080003e0                __aeabi_dadd
                0x080003e0                __adddf3
                0x08000658                __aeabi_ui2d
                0x08000658                __floatunsidf
                0x08000678                __floatsidf
                0x08000678                __aeabi_i2d
                0x0800069c                __extendsfdf2
                0x0800069c                __aeabi_f2d
                0x080006e0                __aeabi_ul2d
                0x080006e0                __floatundidf
                0x080006f0                __aeabi_l2d
                0x080006f0                __floatdidf
 .text          0x0800074c       0x40 /Applications/STM32CubeIDE.app/Contents/Eclipse/plugins/com.st.stm32cube.ide.mcu.externaltools.gnu-tools-for-stm32.13.3.rel1.macos64_1.0.0.202411102158/tools/bin/../lib/gcc/arm-none-eabi/13.3.1/thumb/v7e-m+fp/hard/libgcc.a(_arm_fixunsdfsi.o)
                0x0800074c                __fixunsdfsi
                0x0800074c                __aeabi_d2uiz
 .text          0x0800078c       0xa0 /Applications/STM32CubeIDE.app/Contents/Eclipse/plugins/com.st.stm32cube.ide.mcu.externaltools.gnu-tools-for-stm32.13.3.rel1.macos64_1.0.0.202411102158/tools/bin/../lib/gcc/arm-none-eabi/13.3.1/thumb/v7e-m+fp/hard/libgcc.a(_arm_truncdfsf2.o)
                0x0800078c                __aeabi_d2f
                0x0800078c                __truncdfsf2
 *(.text*)
 .text.DPS368_ReadCoeffs
                0x0800082c       0x4c ./Core/Src/DPS368-Barometer.o
                0x0800082c                DPS368_ReadCoeffs
 .text.DPS368_Init
                0x08000878       0xb2 ./Core/Src/DPS368-Barometer.o
                0x08000878                DPS368_Init
 *fill*         0x0800092a        0x2 
 .text.DPS368_GetTemperature
                0x0800092c      0x180 ./Core/Src/DPS368-Barometer.o
                0x0800092c                DPS368_GetTemperature
 .text.DPS368_GetPressure
                0x08000aac      0x25c ./Core/Src/DPS368-Barometer.o
                0x08000aac                DPS368_GetPressure
 .text.DPS368_RegWrite
                0x08000d08       0x3c ./Core/Src/DPS368-Barometer.o
                0x08000d08                DPS368_RegWrite
 .text.DPS368_RegRead
                0x08000d44       0x38 ./Core/Src/DPS368-Barometer.o
                0x08000d44                DPS368_RegRead
 .text.SCD41_VerifyCheckSum
                0x08000d7c       0x8c ./Core/Src/SCD41-CO2Sensor.o
 .text.SCD41_GenerateCheckSum
                0x08000e08       0x84 ./Core/Src/SCD41-CO2Sensor.o
 .text.SCD41_StartPeriodicMeasurement
                0x08000e8c       0x26 ./Core/Src/SCD41-CO2Sensor.o
                0x08000e8c                SCD41_StartPeriodicMeasurement
 .text.SCD41_ReadMeasurement
                0x08000eb2       0x72 ./Core/Src/SCD41-CO2Sensor.o
                0x08000eb2                SCD41_ReadMeasurement
 .text.SCD41_StopPeriodicMeasurement
                0x08000f24       0x2e ./Core/Src/SCD41-CO2Sensor.o
                0x08000f24                SCD41_StopPeriodicMeasurement
 .text.SCD41_GetAmbientPressure
                0x08000f52       0x40 ./Core/Src/SCD41-CO2Sensor.o
                0x08000f52                SCD41_GetAmbientPressure
 *fill*         0x08000f92        0x2 
 .text.SCD41_SetAmbientPressure
                0x08000f94       0x3c ./Core/Src/SCD41-CO2Sensor.o
                0x08000f94                SCD41_SetAmbientPressure
 .text.SCD41_GetDataReadyStatus
                0x08000fd0       0x44 ./Core/Src/SCD41-CO2Sensor.o
                0x08000fd0                SCD41_GetDataReadyStatus
 .text.SCD41_SendSequence
                0x08001014       0x4c ./Core/Src/SCD41-CO2Sensor.o
                0x08001014                SCD41_SendSequence
 .text.SCD41_ReadSequence
                0x08001060       0xd4 ./Core/Src/SCD41-CO2Sensor.o
                0x08001060                SCD41_ReadSequence
 .text.SCD41_WriteSequence
                0x08001134       0x68 ./Core/Src/SCD41-CO2Sensor.o
                0x08001134                SCD41_WriteSequence
 .text.SSD1309_Reset
                0x0800119c       0x2e ./Core/Src/SSD1309-OLED.o
                0x0800119c                SSD1309_Reset
 *fill*         0x080011ca        0x2 
 .text.SSD1309_SendCommand
                0x080011cc       0x50 ./Core/Src/SSD1309-OLED.o
                0x080011cc                SSD1309_SendCommand
 .text.SSD1309_Init
                0x0800121c       0x2c ./Core/Src/SSD1309-OLED.o
                0x0800121c                SSD1309_Init
 .text.SSD1309_Update
                0x08001248       0x74 ./Core/Src/SSD1309-OLED.o
                0x08001248                SSD1309_Update
 .text.SSD1309_DrawPixel
                0x080012bc       0x98 ./Core/Src/SSD1309-OLED.o
                0x080012bc                SSD1309_DrawPixel
 .text.LL_AHB2_GRP1_EnableClock
                0x08001354       0x32 ./Core/Src/gpio.o
 *fill*         0x08001386        0x2 
 .text.MX_GPIO_Init
                0x08001388       0x98 ./Core/Src/gpio.o
                0x08001388                MX_GPIO_Init
 .text.LL_AHB2_GRP1_EnableClock
                0x08001420       0x32 ./Core/Src/i2c.o
 .text.LL_APB1_GRP1_EnableClock
                0x08001452       0x32 ./Core/Src/i2c.o
 .text.MX_I2C1_Init
                0x08001484       0x80 ./Core/Src/i2c.o
                0x08001484                MX_I2C1_Init
 .text.HAL_I2C_MspInit
                0x08001504       0x90 ./Core/Src/i2c.o
                0x08001504                HAL_I2C_MspInit
 .text.LL_RCC_LSE_SetDriveCapability
                0x08001594       0x2c ./Core/Src/main.o
 .text.Get_Air_Quality
                0x080015c0       0x58 ./Core/Src/main.o
                0x080015c0                Get_Air_Quality
 .text.LED_RGB_Init
                0x08001618       0x3c ./Core/Src/main.o
                0x08001618                LED_RGB_Init
 .text.LED_RGB_Set_Intensity
                0x08001654       0x48 ./Core/Src/main.o
                0x08001654                LED_RGB_Set_Intensity
 *fill*         0x0800169c        0x4 
 .text.LED_RGB_Update_Colour
                0x080016a0      0x17c ./Core/Src/main.o
                0x080016a0                LED_RGB_Update_Colour
 .text.HAL_GPIO_EXTI_Callback
                0x0800181c       0x5c ./Core/Src/main.o
                0x0800181c                HAL_GPIO_EXTI_Callback
 .text.main     0x08001878      0x18c ./Core/Src/main.o
                0x08001878                main
 .text.SystemClock_Config
                0x08001a04       0xe8 ./Core/Src/main.o
                0x08001a04                SystemClock_Config
 .text.PeriphCommonClock_Config
                0x08001aec       0x40 ./Core/Src/main.o
                0x08001aec                PeriphCommonClock_Config
 .text.Error_Handler
                0x08001b2c        0xc ./Core/Src/main.o
                0x08001b2c                Error_Handler
 .text.MX_RF_Init
                0x08001b38        0xe ./Core/Src/rf.o
                0x08001b38                MX_RF_Init
 .text.LL_AHB2_GRP1_EnableClock
                0x08001b46       0x32 ./Core/Src/spi.o
 .text.LL_APB2_GRP1_EnableClock
                0x08001b78       0x32 ./Core/Src/spi.o
 *fill*         0x08001baa        0x2 
 .text.MX_SPI1_Init
                0x08001bac       0x7c ./Core/Src/spi.o
                0x08001bac                MX_SPI1_Init
 .text.HAL_SPI_MspInit
                0x08001c28       0x60 ./Core/Src/spi.o
                0x08001c28                HAL_SPI_MspInit
 .text.HAL_MspInit
                0x08001c88        0xe ./Core/Src/stm32wbxx_hal_msp.o
                0x08001c88                HAL_MspInit
 .text.NMI_Handler
                0x08001c96        0x8 ./Core/Src/stm32wbxx_it.o
                0x08001c96                NMI_Handler
 .text.HardFault_Handler
                0x08001c9e        0x8 ./Core/Src/stm32wbxx_it.o
                0x08001c9e                HardFault_Handler
 .text.MemManage_Handler
                0x08001ca6        0x8 ./Core/Src/stm32wbxx_it.o
                0x08001ca6                MemManage_Handler
 .text.BusFault_Handler
                0x08001cae        0x8 ./Core/Src/stm32wbxx_it.o
                0x08001cae                BusFault_Handler
 .text.UsageFault_Handler
                0x08001cb6        0x8 ./Core/Src/stm32wbxx_it.o
                0x08001cb6                UsageFault_Handler
 .text.SVC_Handler
                0x08001cbe        0xe ./Core/Src/stm32wbxx_it.o
                0x08001cbe                SVC_Handler
 .text.DebugMon_Handler
                0x08001ccc        0xe ./Core/Src/stm32wbxx_it.o
                0x08001ccc                DebugMon_Handler
 .text.PendSV_Handler
                0x08001cda        0xe ./Core/Src/stm32wbxx_it.o
                0x08001cda                PendSV_Handler
 .text.SysTick_Handler
                0x08001ce8        0xc ./Core/Src/stm32wbxx_it.o
                0x08001ce8                SysTick_Handler
 .text.EXTI4_IRQHandler
                0x08001cf4        0xe ./Core/Src/stm32wbxx_it.o
                0x08001cf4                EXTI4_IRQHandler
 .text.EXTI9_5_IRQHandler
                0x08001d02        0xe ./Core/Src/stm32wbxx_it.o
                0x08001d02                EXTI9_5_IRQHandler
 .text.SystemInit
                0x08001d10       0xa4 ./Core/Src/system_stm32wbxx.o
                0x08001d10                SystemInit
 .text.LL_AHB2_GRP1_EnableClock
                0x08001db4       0x32 ./Core/Src/tim.o
 .text.LL_APB1_GRP1_EnableClock
                0x08001de6       0x32 ./Core/Src/tim.o
 .text.MX_TIM2_Init
                0x08001e18       0xe0 ./Core/Src/tim.o
                0x08001e18                MX_TIM2_Init
 .text.HAL_TIM_PWM_MspInit
                0x08001ef8       0x20 ./Core/Src/tim.o
                0x08001ef8                HAL_TIM_PWM_MspInit
 .text.HAL_TIM_MspPostInit
                0x08001f18       0x52 ./Core/Src/tim.o
                0x08001f18                HAL_TIM_MspPostInit
 .text.LL_AHB2_GRP1_EnableClock
                0x08001f6a       0x32 ./Core/Src/usb.o
 .text.LL_APB1_GRP1_EnableClock
                0x08001f9c       0x32 ./Core/Src/usb.o
 *fill*         0x08001fce        0x2 
 .text.MX_USB_PCD_Init
                0x08001fd0       0x50 ./Core/Src/usb.o
                0x08001fd0                MX_USB_PCD_Init
 .text.HAL_PCD_MspInit
                0x08002020       0xac ./Core/Src/usb.o
                0x08002020                HAL_PCD_MspInit
 .text.data_initializers
                0x080020cc       0x18 ./Core/Startup/startup_stm32wb55cgux.o
 .text.Reset_Handler
                0x080020e4       0x58 ./Core/Startup/startup_stm32wb55cgux.o
                0x080020e4                Reset_Handler
 .text.Default_Handler
                0x0800213c        0x2 ./Core/Startup/startup_stm32wb55cgux.o
                0x0800213c                DMA2_Channel3_IRQHandler
                0x0800213c                EXTI2_IRQHandler
                0x0800213c                TIM1_CC_IRQHandler
                0x0800213c                TSC_IRQHandler
                0x0800213c                USB_HP_IRQHandler
                0x0800213c                EXTI3_IRQHandler
                0x0800213c                LPTIM2_IRQHandler
                0x0800213c                I2C3_ER_IRQHandler
                0x0800213c                EXTI0_IRQHandler
                0x0800213c                FPU_IRQHandler
                0x0800213c                TIM1_UP_TIM16_IRQHandler
                0x0800213c                AES1_IRQHandler
                0x0800213c                SPI1_IRQHandler
                0x0800213c                PWR_SOTF_BLEACT_802ACT_RFPHASE_IRQHandler
                0x0800213c                DMA2_Channel2_IRQHandler
                0x0800213c                DMA1_Channel4_IRQHandler
                0x0800213c                ADC1_IRQHandler
                0x0800213c                PKA_IRQHandler
                0x0800213c                DMA1_Channel7_IRQHandler
                0x0800213c                LCD_IRQHandler
                0x0800213c                IPCC_C1_TX_IRQHandler
                0x0800213c                DMA2_Channel1_IRQHandler
                0x0800213c                QUADSPI_IRQHandler
                0x0800213c                I2C1_EV_IRQHandler
                0x0800213c                DMAMUX1_OVR_IRQHandler
                0x0800213c                DMA1_Channel6_IRQHandler
                0x0800213c                DMA2_Channel4_IRQHandler
                0x0800213c                RCC_IRQHandler
                0x0800213c                DMA1_Channel1_IRQHandler
                0x0800213c                Default_Handler
                0x0800213c                DMA2_Channel7_IRQHandler
                0x0800213c                EXTI15_10_IRQHandler
                0x0800213c                IPCC_C1_RX_IRQHandler
                0x0800213c                C2SEV_PWR_C2H_IRQHandler
                0x0800213c                AES2_IRQHandler
                0x0800213c                I2C3_EV_IRQHandler
                0x0800213c                RTC_WKUP_IRQHandler
                0x0800213c                PVD_PVM_IRQHandler
                0x0800213c                SPI2_IRQHandler
                0x0800213c                DMA2_Channel5_IRQHandler
                0x0800213c                CRS_IRQHandler
                0x0800213c                DMA1_Channel5_IRQHandler
                0x0800213c                USB_LP_IRQHandler
                0x0800213c                RNG_IRQHandler
                0x0800213c                TIM1_TRG_COM_TIM17_IRQHandler
                0x0800213c                TAMP_STAMP_LSECSS_IRQHandler
                0x0800213c                DMA1_Channel3_IRQHandler
                0x0800213c                COMP_IRQHandler
                0x0800213c                HSEM_IRQHandler
                0x0800213c                WWDG_IRQHandler
                0x0800213c                LPUART1_IRQHandler
                0x0800213c                DMA2_Channel6_IRQHandler
                0x0800213c                TIM2_IRQHandler
                0x0800213c                TIM1_BRK_IRQHandler
                0x0800213c                EXTI1_IRQHandler
                0x0800213c                DMA1_Channel2_IRQHandler
                0x0800213c                FLASH_IRQHandler
                0x0800213c                USART1_IRQHandler
                0x0800213c                I2C1_ER_IRQHandler
                0x0800213c                LPTIM1_IRQHandler
                0x0800213c                SAI1_IRQHandler
                0x0800213c                RTC_Alarm_IRQHandler
 *fill*         0x0800213e        0x2 
 .text.HAL_Init
                0x08002140       0x40 ./Drivers/STM32WBxx_HAL_Driver/Src/stm32wbxx_hal.o
                0x08002140                HAL_Init
 .text.HAL_InitTick
                0x08002180       0x74 ./Drivers/STM32WBxx_HAL_Driver/Src/stm32wbxx_hal.o
                0x08002180                HAL_InitTick
 .text.HAL_IncTick
                0x080021f4       0x28 ./Drivers/STM32WBxx_HAL_Driver/Src/stm32wbxx_hal.o
                0x080021f4                HAL_IncTick
 .text.HAL_GetTick
                0x0800221c       0x18 ./Drivers/STM32WBxx_HAL_Driver/Src/stm32wbxx_hal.o
                0x0800221c                HAL_GetTick
 .text.HAL_GetTickPrio
                0x08002234       0x18 ./Drivers/STM32WBxx_HAL_Driver/Src/stm32wbxx_hal.o
                0x08002234                HAL_GetTickPrio
 .text.HAL_Delay
                0x0800224c       0x48 ./Drivers/STM32WBxx_HAL_Driver/Src/stm32wbxx_hal.o
                0x0800224c                HAL_Delay
 .text.__NVIC_SetPriorityGrouping
                0x08002294       0x48 ./Drivers/STM32WBxx_HAL_Driver/Src/stm32wbxx_hal_cortex.o
 .text.__NVIC_GetPriorityGrouping
                0x080022dc       0x1c ./Drivers/STM32WBxx_HAL_Driver/Src/stm32wbxx_hal_cortex.o
 .text.__NVIC_EnableIRQ
                0x080022f8       0x3c ./Drivers/STM32WBxx_HAL_Driver/Src/stm32wbxx_hal_cortex.o
 .text.__NVIC_SetPriority
                0x08002334       0x54 ./Drivers/STM32WBxx_HAL_Driver/Src/stm32wbxx_hal_cortex.o
 .text.NVIC_EncodePriority
                0x08002388       0x66 ./Drivers/STM32WBxx_HAL_Driver/Src/stm32wbxx_hal_cortex.o
 *fill*         0x080023ee        0x2 
 .text.SysTick_Config
                0x080023f0       0x44 ./Drivers/STM32WBxx_HAL_Driver/Src/stm32wbxx_hal_cortex.o
 .text.HAL_NVIC_SetPriorityGrouping
                0x08002434       0x16 ./Drivers/STM32WBxx_HAL_Driver/Src/stm32wbxx_hal_cortex.o
                0x08002434                HAL_NVIC_SetPriorityGrouping
 .text.HAL_NVIC_SetPriority
                0x0800244a       0x34 ./Drivers/STM32WBxx_HAL_Driver/Src/stm32wbxx_hal_cortex.o
                0x0800244a                HAL_NVIC_SetPriority
 .text.HAL_NVIC_EnableIRQ
                0x0800247e       0x1c ./Drivers/STM32WBxx_HAL_Driver/Src/stm32wbxx_hal_cortex.o
                0x0800247e                HAL_NVIC_EnableIRQ
 .text.HAL_SYSTICK_Config
                0x0800249a       0x18 ./Drivers/STM32WBxx_HAL_Driver/Src/stm32wbxx_hal_cortex.o
                0x0800249a                HAL_SYSTICK_Config
 *fill*         0x080024b2        0x2 
 .text.HAL_GPIO_Init
                0x080024b4      0x2e0 ./Drivers/STM32WBxx_HAL_Driver/Src/stm32wbxx_hal_gpio.o
                0x080024b4                HAL_GPIO_Init
 .text.HAL_GPIO_WritePin
                0x08002794       0x30 ./Drivers/STM32WBxx_HAL_Driver/Src/stm32wbxx_hal_gpio.o
                0x08002794                HAL_GPIO_WritePin
 .text.HAL_GPIO_EXTI_IRQHandler
                0x080027c4       0x30 ./Drivers/STM32WBxx_HAL_Driver/Src/stm32wbxx_hal_gpio.o
                0x080027c4                HAL_GPIO_EXTI_IRQHandler
 .text.HAL_I2C_Init
                0x080027f4      0x136 ./Drivers/STM32WBxx_HAL_Driver/Src/stm32wbxx_hal_i2c.o
                0x080027f4                HAL_I2C_Init
 *fill*         0x0800292a        0x2 
 .text.HAL_I2C_Master_Transmit
                0x0800292c      0x230 ./Drivers/STM32WBxx_HAL_Driver/Src/stm32wbxx_hal_i2c.o
                0x0800292c                HAL_I2C_Master_Transmit
 .text.HAL_I2C_Master_Receive
                0x08002b5c      0x1ec ./Drivers/STM32WBxx_HAL_Driver/Src/stm32wbxx_hal_i2c.o
                0x08002b5c                HAL_I2C_Master_Receive
 .text.HAL_I2C_Mem_Write
                0x08002d48      0x228 ./Drivers/STM32WBxx_HAL_Driver/Src/stm32wbxx_hal_i2c.o
                0x08002d48                HAL_I2C_Mem_Write
 .text.HAL_I2C_Mem_Read
                0x08002f70      0x234 ./Drivers/STM32WBxx_HAL_Driver/Src/stm32wbxx_hal_i2c.o
                0x08002f70                HAL_I2C_Mem_Read
 .text.I2C_RequestMemoryWrite
                0x080031a4       0xa8 ./Drivers/STM32WBxx_HAL_Driver/Src/stm32wbxx_hal_i2c.o
 .text.I2C_RequestMemoryRead
                0x0800324c       0xa8 ./Drivers/STM32WBxx_HAL_Driver/Src/stm32wbxx_hal_i2c.o
 .text.I2C_Flush_TXDR
                0x080032f4       0x48 ./Drivers/STM32WBxx_HAL_Driver/Src/stm32wbxx_hal_i2c.o
 .text.I2C_WaitOnFlagUntilTimeout
                0x0800333c       0xb2 ./Drivers/STM32WBxx_HAL_Driver/Src/stm32wbxx_hal_i2c.o
 .text.I2C_WaitOnTXISFlagUntilTimeout
                0x080033ee       0x8e ./Drivers/STM32WBxx_HAL_Driver/Src/stm32wbxx_hal_i2c.o
 .text.I2C_WaitOnSTOPFlagUntilTimeout
                0x0800347c       0x86 ./Drivers/STM32WBxx_HAL_Driver/Src/stm32wbxx_hal_i2c.o
 *fill*         0x08003502        0x2 
 .text.I2C_WaitOnRXNEFlagUntilTimeout
                0x08003504      0x118 ./Drivers/STM32WBxx_HAL_Driver/Src/stm32wbxx_hal_i2c.o
 .text.I2C_IsErrorOccurred
                0x0800361c      0x1c0 ./Drivers/STM32WBxx_HAL_Driver/Src/stm32wbxx_hal_i2c.o
 .text.I2C_TransferConfig
                0x080037dc       0x64 ./Drivers/STM32WBxx_HAL_Driver/Src/stm32wbxx_hal_i2c.o
 .text.HAL_I2CEx_ConfigAnalogFilter
                0x08003840       0x96 ./Drivers/STM32WBxx_HAL_Driver/Src/stm32wbxx_hal_i2c_ex.o
                0x08003840                HAL_I2CEx_ConfigAnalogFilter
 .text.HAL_I2CEx_ConfigDigitalFilter
                0x080038d6       0x98 ./Drivers/STM32WBxx_HAL_Driver/Src/stm32wbxx_hal_i2c_ex.o
                0x080038d6                HAL_I2CEx_ConfigDigitalFilter
 .text.HAL_PCD_Init
                0x0800396e      0x19c ./Drivers/STM32WBxx_HAL_Driver/Src/stm32wbxx_hal_pcd.o
                0x0800396e                HAL_PCD_Init
 .text.HAL_PCDEx_ActivateLPM
                0x08003b0a       0x54 ./Drivers/STM32WBxx_HAL_Driver/Src/stm32wbxx_hal_pcd_ex.o
                0x08003b0a                HAL_PCDEx_ActivateLPM
 *fill*         0x08003b5e        0x2 
 .text.HAL_PWR_EnableBkUpAccess
                0x08003b60       0x20 ./Drivers/STM32WBxx_HAL_Driver/Src/stm32wbxx_hal_pwr.o
                0x08003b60                HAL_PWR_EnableBkUpAccess
 .text.HAL_PWREx_GetVoltageRange
                0x08003b80       0x1c ./Drivers/STM32WBxx_HAL_Driver/Src/stm32wbxx_hal_pwr_ex.o
                0x08003b80                HAL_PWREx_GetVoltageRange
 .text.LL_RCC_HSE_IsEnabledDiv2
                0x08003b9c       0x24 ./Drivers/STM32WBxx_HAL_Driver/Src/stm32wbxx_hal_rcc.o
 .text.LL_RCC_HSE_Enable
                0x08003bc0       0x1e ./Drivers/STM32WBxx_HAL_Driver/Src/stm32wbxx_hal_rcc.o
 .text.LL_RCC_HSE_Disable
                0x08003bde       0x1e ./Drivers/STM32WBxx_HAL_Driver/Src/stm32wbxx_hal_rcc.o
 .text.LL_RCC_HSE_IsReady
                0x08003bfc       0x24 ./Drivers/STM32WBxx_HAL_Driver/Src/stm32wbxx_hal_rcc.o
 .text.LL_RCC_HSI_Enable
                0x08003c20       0x1e ./Drivers/STM32WBxx_HAL_Driver/Src/stm32wbxx_hal_rcc.o
 .text.LL_RCC_HSI_Disable
                0x08003c3e       0x1e ./Drivers/STM32WBxx_HAL_Driver/Src/stm32wbxx_hal_rcc.o
 .text.LL_RCC_HSI_IsReady
                0x08003c5c       0x24 ./Drivers/STM32WBxx_HAL_Driver/Src/stm32wbxx_hal_rcc.o
 .text.LL_RCC_HSI_SetCalibTrimming
                0x08003c80       0x2a ./Drivers/STM32WBxx_HAL_Driver/Src/stm32wbxx_hal_rcc.o
 .text.LL_RCC_HSI48_Enable
                0x08003caa       0x22 ./Drivers/STM32WBxx_HAL_Driver/Src/stm32wbxx_hal_rcc.o
 .text.LL_RCC_HSI48_Disable
                0x08003ccc       0x22 ./Drivers/STM32WBxx_HAL_Driver/Src/stm32wbxx_hal_rcc.o
 .text.LL_RCC_HSI48_IsReady
                0x08003cee       0x24 ./Drivers/STM32WBxx_HAL_Driver/Src/stm32wbxx_hal_rcc.o
 .text.LL_RCC_LSE_Enable
                0x08003d12       0x22 ./Drivers/STM32WBxx_HAL_Driver/Src/stm32wbxx_hal_rcc.o
 .text.LL_RCC_LSE_Disable
                0x08003d34       0x22 ./Drivers/STM32WBxx_HAL_Driver/Src/stm32wbxx_hal_rcc.o
 .text.LL_RCC_LSE_EnableBypass
                0x08003d56       0x22 ./Drivers/STM32WBxx_HAL_Driver/Src/stm32wbxx_hal_rcc.o
 .text.LL_RCC_LSE_DisableBypass
                0x08003d78       0x22 ./Drivers/STM32WBxx_HAL_Driver/Src/stm32wbxx_hal_rcc.o
 .text.LL_RCC_LSE_IsReady
                0x08003d9a       0x24 ./Drivers/STM32WBxx_HAL_Driver/Src/stm32wbxx_hal_rcc.o
 .text.LL_RCC_LSI1_Enable
                0x08003dbe       0x22 ./Drivers/STM32WBxx_HAL_Driver/Src/stm32wbxx_hal_rcc.o
 .text.LL_RCC_LSI1_Disable
                0x08003de0       0x22 ./Drivers/STM32WBxx_HAL_Driver/Src/stm32wbxx_hal_rcc.o
 .text.LL_RCC_LSI1_IsReady
                0x08003e02       0x24 ./Drivers/STM32WBxx_HAL_Driver/Src/stm32wbxx_hal_rcc.o
 .text.LL_RCC_LSI2_Enable
                0x08003e26       0x22 ./Drivers/STM32WBxx_HAL_Driver/Src/stm32wbxx_hal_rcc.o
 .text.LL_RCC_LSI2_Disable
                0x08003e48       0x22 ./Drivers/STM32WBxx_HAL_Driver/Src/stm32wbxx_hal_rcc.o
 .text.LL_RCC_LSI2_IsReady
                0x08003e6a       0x24 ./Drivers/STM32WBxx_HAL_Driver/Src/stm32wbxx_hal_rcc.o
 .text.LL_RCC_LSI2_SetTrimming
                0x08003e8e       0x2e ./Drivers/STM32WBxx_HAL_Driver/Src/stm32wbxx_hal_rcc.o
 .text.LL_RCC_MSI_Enable
                0x08003ebc       0x1e ./Drivers/STM32WBxx_HAL_Driver/Src/stm32wbxx_hal_rcc.o
 .text.LL_RCC_MSI_Disable
                0x08003eda       0x1e ./Drivers/STM32WBxx_HAL_Driver/Src/stm32wbxx_hal_rcc.o
 .text.LL_RCC_MSI_IsReady
                0x08003ef8       0x22 ./Drivers/STM32WBxx_HAL_Driver/Src/stm32wbxx_hal_rcc.o
 .text.LL_RCC_MSI_SetRange
                0x08003f1a       0x28 ./Drivers/STM32WBxx_HAL_Driver/Src/stm32wbxx_hal_rcc.o
 .text.LL_RCC_MSI_GetRange
                0x08003f42       0x2a ./Drivers/STM32WBxx_HAL_Driver/Src/stm32wbxx_hal_rcc.o
 .text.LL_RCC_MSI_SetCalibTrimming
                0x08003f6c       0x2a ./Drivers/STM32WBxx_HAL_Driver/Src/stm32wbxx_hal_rcc.o
 .text.LL_RCC_SetSysClkSource
                0x08003f96       0x28 ./Drivers/STM32WBxx_HAL_Driver/Src/stm32wbxx_hal_rcc.o
 .text.LL_RCC_GetSysClkSource
                0x08003fbe       0x18 ./Drivers/STM32WBxx_HAL_Driver/Src/stm32wbxx_hal_rcc.o
 .text.LL_RCC_SetAHBPrescaler
                0x08003fd6       0x28 ./Drivers/STM32WBxx_HAL_Driver/Src/stm32wbxx_hal_rcc.o
 .text.LL_C2_RCC_SetAHBPrescaler
                0x08003ffe       0x2c ./Drivers/STM32WBxx_HAL_Driver/Src/stm32wbxx_hal_rcc.o
 .text.LL_RCC_SetAHB4Prescaler
                0x0800402a       0x2e ./Drivers/STM32WBxx_HAL_Driver/Src/stm32wbxx_hal_rcc.o
 .text.LL_RCC_SetAPB1Prescaler
                0x08004058       0x28 ./Drivers/STM32WBxx_HAL_Driver/Src/stm32wbxx_hal_rcc.o
 .text.LL_RCC_SetAPB2Prescaler
                0x08004080       0x28 ./Drivers/STM32WBxx_HAL_Driver/Src/stm32wbxx_hal_rcc.o
 .text.LL_RCC_GetAHBPrescaler
                0x080040a8       0x18 ./Drivers/STM32WBxx_HAL_Driver/Src/stm32wbxx_hal_rcc.o
 .text.LL_RCC_GetAHB4Prescaler
                0x080040c0       0x1c ./Drivers/STM32WBxx_HAL_Driver/Src/stm32wbxx_hal_rcc.o
 .text.LL_RCC_PLL_Enable
                0x080040dc       0x1e ./Drivers/STM32WBxx_HAL_Driver/Src/stm32wbxx_hal_rcc.o
 .text.LL_RCC_PLL_Disable
                0x080040fa       0x1e ./Drivers/STM32WBxx_HAL_Driver/Src/stm32wbxx_hal_rcc.o
 .text.LL_RCC_PLL_IsReady
                0x08004118       0x24 ./Drivers/STM32WBxx_HAL_Driver/Src/stm32wbxx_hal_rcc.o
 .text.LL_RCC_PLL_GetN
                0x0800413c       0x1a ./Drivers/STM32WBxx_HAL_Driver/Src/stm32wbxx_hal_rcc.o
 .text.LL_RCC_PLL_GetR
                0x08004156       0x18 ./Drivers/STM32WBxx_HAL_Driver/Src/stm32wbxx_hal_rcc.o
 .text.LL_RCC_PLL_GetDivider
                0x0800416e       0x18 ./Drivers/STM32WBxx_HAL_Driver/Src/stm32wbxx_hal_rcc.o
 .text.LL_RCC_PLL_GetMainSource
                0x08004186       0x18 ./Drivers/STM32WBxx_HAL_Driver/Src/stm32wbxx_hal_rcc.o
 .text.LL_RCC_IsActiveFlag_HPRE
                0x0800419e       0x24 ./Drivers/STM32WBxx_HAL_Driver/Src/stm32wbxx_hal_rcc.o
 .text.LL_RCC_IsActiveFlag_C2HPRE
                0x080041c2       0x26 ./Drivers/STM32WBxx_HAL_Driver/Src/stm32wbxx_hal_rcc.o
 .text.LL_RCC_IsActiveFlag_SHDHPRE
                0x080041e8       0x26 ./Drivers/STM32WBxx_HAL_Driver/Src/stm32wbxx_hal_rcc.o
 .text.LL_RCC_IsActiveFlag_PPRE1
                0x0800420e       0x24 ./Drivers/STM32WBxx_HAL_Driver/Src/stm32wbxx_hal_rcc.o
 .text.LL_RCC_IsActiveFlag_PPRE2
                0x08004232       0x24 ./Drivers/STM32WBxx_HAL_Driver/Src/stm32wbxx_hal_rcc.o
 *fill*         0x08004256        0x2 
 .text.HAL_RCC_OscConfig
                0x08004258      0x6e8 ./Drivers/STM32WBxx_HAL_Driver/Src/stm32wbxx_hal_rcc.o
                0x08004258                HAL_RCC_OscConfig
 .text.HAL_RCC_ClockConfig
                0x08004940      0x280 ./Drivers/STM32WBxx_HAL_Driver/Src/stm32wbxx_hal_rcc.o
                0x08004940                HAL_RCC_ClockConfig
 .text.HAL_RCC_GetSysClockFreq
                0x08004bc0       0xd8 ./Drivers/STM32WBxx_HAL_Driver/Src/stm32wbxx_hal_rcc.o
                0x08004bc0                HAL_RCC_GetSysClockFreq
 .text.HAL_RCC_GetHCLKFreq
                0x08004c98       0x28 ./Drivers/STM32WBxx_HAL_Driver/Src/stm32wbxx_hal_rcc.o
                0x08004c98                HAL_RCC_GetHCLKFreq
 .text.RCC_SetFlashLatencyFromMSIRange
                0x08004cc0       0x70 ./Drivers/STM32WBxx_HAL_Driver/Src/stm32wbxx_hal_rcc.o
 .text.RCC_SetFlashLatency
                0x08004d30       0xf8 ./Drivers/STM32WBxx_HAL_Driver/Src/stm32wbxx_hal_rcc.o
 .text.LL_RCC_LSE_IsEnabled
                0x08004e28       0x24 ./Drivers/STM32WBxx_HAL_Driver/Src/stm32wbxx_hal_rcc_ex.o
 .text.LL_RCC_LSE_IsReady
                0x08004e4c       0x24 ./Drivers/STM32WBxx_HAL_Driver/Src/stm32wbxx_hal_rcc_ex.o
 .text.LL_RCC_MSI_EnablePLLMode
                0x08004e70       0x1e ./Drivers/STM32WBxx_HAL_Driver/Src/stm32wbxx_hal_rcc_ex.o
 .text.LL_RCC_SetRFWKPClockSource
                0x08004e8e       0x2c ./Drivers/STM32WBxx_HAL_Driver/Src/stm32wbxx_hal_rcc_ex.o
 .text.LL_RCC_SetSMPSClockSource
                0x08004eba       0x28 ./Drivers/STM32WBxx_HAL_Driver/Src/stm32wbxx_hal_rcc_ex.o
 .text.LL_RCC_SetSMPSPrescaler
                0x08004ee2       0x28 ./Drivers/STM32WBxx_HAL_Driver/Src/stm32wbxx_hal_rcc_ex.o
 .text.LL_RCC_SetUSARTClockSource
                0x08004f0a       0x2c ./Drivers/STM32WBxx_HAL_Driver/Src/stm32wbxx_hal_rcc_ex.o
 .text.LL_RCC_SetLPUARTClockSource
                0x08004f36       0x2c ./Drivers/STM32WBxx_HAL_Driver/Src/stm32wbxx_hal_rcc_ex.o
 .text.LL_RCC_SetI2CClockSource
                0x08004f62       0x3a ./Drivers/STM32WBxx_HAL_Driver/Src/stm32wbxx_hal_rcc_ex.o
 .text.LL_RCC_SetLPTIMClockSource
                0x08004f9c       0x34 ./Drivers/STM32WBxx_HAL_Driver/Src/stm32wbxx_hal_rcc_ex.o
 .text.LL_RCC_SetSAIClockSource
                0x08004fd0       0x2c ./Drivers/STM32WBxx_HAL_Driver/Src/stm32wbxx_hal_rcc_ex.o
 .text.LL_RCC_SetRNGClockSource
                0x08004ffc       0x2c ./Drivers/STM32WBxx_HAL_Driver/Src/stm32wbxx_hal_rcc_ex.o
 .text.LL_RCC_SetCLK48ClockSource
                0x08005028       0x2c ./Drivers/STM32WBxx_HAL_Driver/Src/stm32wbxx_hal_rcc_ex.o
 .text.LL_RCC_SetUSBClockSource
                0x08005054       0x16 ./Drivers/STM32WBxx_HAL_Driver/Src/stm32wbxx_hal_rcc_ex.o
 .text.LL_RCC_SetADCClockSource
                0x0800506a       0x2c ./Drivers/STM32WBxx_HAL_Driver/Src/stm32wbxx_hal_rcc_ex.o
 .text.LL_RCC_SetRTCClockSource
                0x08005096       0x2c ./Drivers/STM32WBxx_HAL_Driver/Src/stm32wbxx_hal_rcc_ex.o
 .text.LL_RCC_GetRTCClockSource
                0x080050c2       0x1a ./Drivers/STM32WBxx_HAL_Driver/Src/stm32wbxx_hal_rcc_ex.o
 .text.LL_RCC_ForceBackupDomainReset
                0x080050dc       0x22 ./Drivers/STM32WBxx_HAL_Driver/Src/stm32wbxx_hal_rcc_ex.o
 .text.LL_RCC_ReleaseBackupDomainReset
                0x080050fe       0x22 ./Drivers/STM32WBxx_HAL_Driver/Src/stm32wbxx_hal_rcc_ex.o
 .text.LL_RCC_PLLSAI1_Enable
                0x08005120       0x1e ./Drivers/STM32WBxx_HAL_Driver/Src/stm32wbxx_hal_rcc_ex.o
 .text.LL_RCC_PLLSAI1_Disable
                0x0800513e       0x1e ./Drivers/STM32WBxx_HAL_Driver/Src/stm32wbxx_hal_rcc_ex.o
 .text.LL_RCC_PLLSAI1_IsReady
                0x0800515c       0x24 ./Drivers/STM32WBxx_HAL_Driver/Src/stm32wbxx_hal_rcc_ex.o
 .text.HAL_RCCEx_PeriphCLKConfig
                0x08005180      0x2ec ./Drivers/STM32WBxx_HAL_Driver/Src/stm32wbxx_hal_rcc_ex.o
                0x08005180                HAL_RCCEx_PeriphCLKConfig
 .text.HAL_RCCEx_EnableMSIPLLMode
                0x0800546c        0xc ./Drivers/STM32WBxx_HAL_Driver/Src/stm32wbxx_hal_rcc_ex.o
                0x0800546c                HAL_RCCEx_EnableMSIPLLMode
 .text.RCCEx_PLLSAI1_ConfigNP
                0x08005478       0xb6 ./Drivers/STM32WBxx_HAL_Driver/Src/stm32wbxx_hal_rcc_ex.o
 .text.RCCEx_PLLSAI1_ConfigNQ
                0x0800552e       0xb6 ./Drivers/STM32WBxx_HAL_Driver/Src/stm32wbxx_hal_rcc_ex.o
 .text.RCCEx_PLLSAI1_ConfigNR
                0x080055e4       0xb6 ./Drivers/STM32WBxx_HAL_Driver/Src/stm32wbxx_hal_rcc_ex.o
 .text.HAL_SPI_Init
                0x0800569a      0x146 ./Drivers/STM32WBxx_HAL_Driver/Src/stm32wbxx_hal_spi.o
                0x0800569a                HAL_SPI_Init
 .text.HAL_SPI_Transmit
                0x080057e0      0x2ec ./Drivers/STM32WBxx_HAL_Driver/Src/stm32wbxx_hal_spi.o
                0x080057e0                HAL_SPI_Transmit
 .text.SPI_WaitFlagStateUntilTimeout
                0x08005acc      0x110 ./Drivers/STM32WBxx_HAL_Driver/Src/stm32wbxx_hal_spi.o
 .text.SPI_WaitFifoStateUntilTimeout
                0x08005bdc      0x12c ./Drivers/STM32WBxx_HAL_Driver/Src/stm32wbxx_hal_spi.o
 .text.SPI_EndRxTxTransaction
                0x08005d08       0x8c ./Drivers/STM32WBxx_HAL_Driver/Src/stm32wbxx_hal_spi.o
 .text.HAL_TIM_PWM_Init
                0x08005d94       0xae ./Drivers/STM32WBxx_HAL_Driver/Src/stm32wbxx_hal_tim.o
                0x08005d94                HAL_TIM_PWM_Init
 *fill*         0x08005e42        0x2 
 .text.HAL_TIM_PWM_Start
                0x08005e44      0x1b4 ./Drivers/STM32WBxx_HAL_Driver/Src/stm32wbxx_hal_tim.o
                0x08005e44                HAL_TIM_PWM_Start
 .text.HAL_TIM_PWM_ConfigChannel
                0x08005ff8      0x228 ./Drivers/STM32WBxx_HAL_Driver/Src/stm32wbxx_hal_tim.o
                0x08005ff8                HAL_TIM_PWM_ConfigChannel
 .text.TIM_Base_SetConfig
                0x08006220       0xd4 ./Drivers/STM32WBxx_HAL_Driver/Src/stm32wbxx_hal_tim.o
                0x08006220                TIM_Base_SetConfig
 .text.TIM_OC1_SetConfig
                0x080062f4       0xf8 ./Drivers/STM32WBxx_HAL_Driver/Src/stm32wbxx_hal_tim.o
 .text.TIM_OC2_SetConfig
                0x080063ec       0xf4 ./Drivers/STM32WBxx_HAL_Driver/Src/stm32wbxx_hal_tim.o
                0x080063ec                TIM_OC2_SetConfig
 .text.TIM_OC3_SetConfig
                0x080064e0       0xf0 ./Drivers/STM32WBxx_HAL_Driver/Src/stm32wbxx_hal_tim.o
 .text.TIM_OC4_SetConfig
                0x080065d0       0xbc ./Drivers/STM32WBxx_HAL_Driver/Src/stm32wbxx_hal_tim.o
 .text.TIM_OC5_SetConfig
                0x0800668c       0xb0 ./Drivers/STM32WBxx_HAL_Driver/Src/stm32wbxx_hal_tim.o
 .text.TIM_OC6_SetConfig
                0x0800673c       0xb4 ./Drivers/STM32WBxx_HAL_Driver/Src/stm32wbxx_hal_tim.o
 .text.TIM_CCxChannelCmd
                0x080067f0       0x4a ./Drivers/STM32WBxx_HAL_Driver/Src/stm32wbxx_hal_tim.o
                0x080067f0                TIM_CCxChannelCmd
 *fill*         0x0800683a        0x2 
 .text.HAL_TIMEx_MasterConfigSynchronization
                0x0800683c       0xc0 ./Drivers/STM32WBxx_HAL_Driver/Src/stm32wbxx_hal_tim_ex.o
                0x0800683c                HAL_TIMEx_MasterConfigSynchronization
 .text.USB_DisableGlobalInt
                0x080068fc       0x36 ./Drivers/STM32WBxx_HAL_Driver/Src/stm32wbxx_ll_usb.o
                0x080068fc                USB_DisableGlobalInt
 .text.USB_DevInit
                0x08006932       0x3c ./Drivers/STM32WBxx_HAL_Driver/Src/stm32wbxx_ll_usb.o
                0x08006932                USB_DevInit
 .text.memset   0x0800696e       0x10 /Applications/STM32CubeIDE.app/Contents/Eclipse/plugins/com.st.stm32cube.ide.mcu.externaltools.gnu-tools-for-stm32.13.3.rel1.macos64_1.0.0.202411102158/tools/bin/../lib/gcc/arm-none-eabi/13.3.1/../../../../arm-none-eabi/lib/thumb/v7e-m+fp/hard/libc_nano.a(libc_a-memset.o)
                0x0800696e                memset
 *fill*         0x0800697e        0x2 
 .text.__libc_init_array
                0x08006980       0x48 /Applications/STM32CubeIDE.app/Contents/Eclipse/plugins/com.st.stm32cube.ide.mcu.externaltools.gnu-tools-for-stm32.13.3.rel1.macos64_1.0.0.202411102158/tools/bin/../lib/gcc/arm-none-eabi/13.3.1/../../../../arm-none-eabi/lib/thumb/v7e-m+fp/hard/libc_nano.a(libc_a-init.o)
                0x08006980                __libc_init_array
 *(.glue_7)
 .glue_7        0x080069c8        0x0 linker stubs
 *(.glue_7t)
 .glue_7t       0x080069c8        0x0 linker stubs
 *(.eh_frame)
 .eh_frame      0x080069c8        0x0 /Applications/STM32CubeIDE.app/Contents/Eclipse/plugins/com.st.stm32cube.ide.mcu.externaltools.gnu-tools-for-stm32.13.3.rel1.macos64_1.0.0.202411102158/tools/bin/../lib/gcc/arm-none-eabi/13.3.1/thumb/v7e-m+fp/hard/crtbegin.o
 *(.init)
 .init          0x080069c8        0x4 /Applications/STM32CubeIDE.app/Contents/Eclipse/plugins/com.st.stm32cube.ide.mcu.externaltools.gnu-tools-for-stm32.13.3.rel1.macos64_1.0.0.202411102158/tools/bin/../lib/gcc/arm-none-eabi/13.3.1/thumb/v7e-m+fp/hard/crti.o
                0x080069c8                _init
 .init          0x080069cc        0x8 /Applications/STM32CubeIDE.app/Contents/Eclipse/plugins/com.st.stm32cube.ide.mcu.externaltools.gnu-tools-for-stm32.13.3.rel1.macos64_1.0.0.202411102158/tools/bin/../lib/gcc/arm-none-eabi/13.3.1/thumb/v7e-m+fp/hard/crtn.o
 *(.fini)
 .fini          0x080069d4        0x4 /Applications/STM32CubeIDE.app/Contents/Eclipse/plugins/com.st.stm32cube.ide.mcu.externaltools.gnu-tools-for-stm32.13.3.rel1.macos64_1.0.0.202411102158/tools/bin/../lib/gcc/arm-none-eabi/13.3.1/thumb/v7e-m+fp/hard/crti.o
                0x080069d4                _fini
 .fini          0x080069d8        0x8 /Applications/STM32CubeIDE.app/Contents/Eclipse/plugins/com.st.stm32cube.ide.mcu.externaltools.gnu-tools-for-stm32.13.3.rel1.macos64_1.0.0.202411102158/tools/bin/../lib/gcc/arm-none-eabi/13.3.1/thumb/v7e-m+fp/hard/crtn.o
                0x080069e0                        . = ALIGN (0x4)
                0x080069e0                        _etext = .

.vfp11_veneer   0x080069e0        0x0
 .vfp11_veneer  0x080069e0        0x0 linker stubs

.v4_bx          0x080069e0        0x0
 .v4_bx         0x080069e0        0x0 linker stubs

.iplt           0x080069e0        0x0
 .iplt          0x080069e0        0x0 /Applications/STM32CubeIDE.app/Contents/Eclipse/plugins/com.st.stm32cube.ide.mcu.externaltools.gnu-tools-for-stm32.13.3.rel1.macos64_1.0.0.202411102158/tools/bin/../lib/gcc/arm-none-eabi/13.3.1/thumb/v7e-m+fp/hard/crtbegin.o

.rodata         0x080069e0       0xac
                0x080069e0                        . = ALIGN (0x4)
 *(.rodata)
 .rodata        0x080069e0       0x2c ./Drivers/STM32WBxx_HAL_Driver/Src/stm32wbxx_hal_rcc.o
 *(.rodata*)
 .rodata.AHBPrescTable
                0x08006a0c       0x40 ./Core/Src/system_stm32wbxx.o
                0x08006a0c                AHBPrescTable
 .rodata.MSIRangeTable
                0x08006a4c       0x40 ./Core/Src/system_stm32wbxx.o
                0x08006a4c                MSIRangeTable
                0x08006a8c                        . = ALIGN (0x4)

.ARM.extab
 *(.ARM.extab* .gnu.linkonce.armextab.*)

.ARM            0x08006a8c        0x0
                0x08006a8c                        __exidx_start = .
 *(.ARM.exidx*)
                0x08006a8c                        __exidx_end = .

.preinit_array  0x08006a8c        0x0
                0x08006a8c                        PROVIDE (__preinit_array_start = .)
 *(.preinit_array*)
                0x08006a8c                        PROVIDE (__preinit_array_end = .)

.init_array     0x08006a8c        0x4
                0x08006a8c                        PROVIDE (__init_array_start = .)
 *(SORT_BY_NAME(.init_array.*))
 *(.init_array*)
 .init_array    0x08006a8c        0x4 /Applications/STM32CubeIDE.app/Contents/Eclipse/plugins/com.st.stm32cube.ide.mcu.externaltools.gnu-tools-for-stm32.13.3.rel1.macos64_1.0.0.202411102158/tools/bin/../lib/gcc/arm-none-eabi/13.3.1/thumb/v7e-m+fp/hard/crtbegin.o
                0x08006a90                        PROVIDE (__init_array_end = .)

.fini_array     0x08006a90        0x4
                [!provide]                        PROVIDE (__fini_array_start = .)
 *(SORT_BY_NAME(.fini_array.*))
 *(.fini_array*)
 .fini_array    0x08006a90        0x4 /Applications/STM32CubeIDE.app/Contents/Eclipse/plugins/com.st.stm32cube.ide.mcu.externaltools.gnu-tools-for-stm32.13.3.rel1.macos64_1.0.0.202411102158/tools/bin/../lib/gcc/arm-none-eabi/13.3.1/thumb/v7e-m+fp/hard/crtbegin.o
                [!provide]                        PROVIDE (__fini_array_end = .)
                0x08006a94                        _sidata = LOADADDR (.data)

.rel.dyn        0x08006a94        0x0
 .rel.iplt      0x08006a94        0x0 /Applications/STM32CubeIDE.app/Contents/Eclipse/plugins/com.st.stm32cube.ide.mcu.externaltools.gnu-tools-for-stm32.13.3.rel1.macos64_1.0.0.202411102158/tools/bin/../lib/gcc/arm-none-eabi/13.3.1/thumb/v7e-m+fp/hard/crtbegin.o

.data           0x20000008       0x10 load address 0x08006a94
                0x20000008                        . = ALIGN (0x4)
                0x20000008                        _sdata = .
 *(.data)
 *(.data*)
 .data.current_air_quality
                0x20000008        0x1 ./Core/Src/main.o
                0x20000008                current_air_quality
 *fill*         0x20000009        0x3 
 .data.SystemCoreClock
                0x2000000c        0x4 ./Core/Src/system_stm32wbxx.o
                0x2000000c                SystemCoreClock
 .data.uwTickPrio
                0x20000010        0x4 ./Drivers/STM32WBxx_HAL_Driver/Src/stm32wbxx_hal.o
                0x20000010                uwTickPrio
 .data.uwTickFreq
                0x20000014        0x1 ./Drivers/STM32WBxx_HAL_Driver/Src/stm32wbxx_hal.o
                0x20000014                uwTickFreq
 *(.RamFunc)
 *(.RamFunc*)
                0x20000018                        . = ALIGN (0x4)
 *fill*         0x20000015        0x3 
                0x20000018                        _edata = .

.igot.plt       0x20000018        0x0 load address 0x08006aa4
 .igot.plt      0x20000018        0x0 /Applications/STM32CubeIDE.app/Contents/Eclipse/plugins/com.st.stm32cube.ide.mcu.externaltools.gnu-tools-for-stm32.13.3.rel1.macos64_1.0.0.202411102158/tools/bin/../lib/gcc/arm-none-eabi/13.3.1/thumb/v7e-m+fp/hard/crtbegin.o
                0x20000018                        . = ALIGN (0x4)

.bss            0x20000018      0x820 load address 0x08006aa4
                0x20000018                        _sbss = .
                0x20000018                        __bss_start__ = _sbss
 *(.bss)
 .bss           0x20000018       0x1c /Applications/STM32CubeIDE.app/Contents/Eclipse/plugins/com.st.stm32cube.ide.mcu.externaltools.gnu-tools-for-stm32.13.3.rel1.macos64_1.0.0.202411102158/tools/bin/../lib/gcc/arm-none-eabi/13.3.1/thumb/v7e-m+fp/hard/crtbegin.o
 *(.bss*)
 .bss.raw_scaled_pressure
                0x20000034        0x4 ./Core/Src/DPS368-Barometer.o
 .bss.raw_scaled_temp
                0x20000038        0x4 ./Core/Src/DPS368-Barometer.o
 .bss.DPS368_Calibration_Coeffs
                0x2000003c       0x12 ./Core/Src/DPS368-Barometer.o
                0x2000003c                DPS368_Calibration_Coeffs
 *fill*         0x2000004e        0x2 
 .bss.ssd1309_buffer
                0x20000050      0x400 ./Core/Src/SSD1309-OLED.o
 .bss.hi2c1     0x20000450       0x54 ./Core/Src/i2c.o
                0x20000450                hi2c1
 .bss.led_rgb_intensity
                0x200004a4        0x1 ./Core/Src/main.o
                0x200004a4                led_rgb_intensity
 *fill*         0x200004a5        0x1 
 .bss.co2_ppm   0x200004a6        0x2 ./Core/Src/main.o
                0x200004a6                co2_ppm
 .bss.hspi1     0x200004a8       0x64 ./Core/Src/spi.o
                0x200004a8                hspi1
 .bss.htim2     0x2000050c       0x4c ./Core/Src/tim.o
                0x2000050c                htim2
 .bss.hpcd_USB_FS
                0x20000558      0x2dc ./Core/Src/usb.o
                0x20000558                hpcd_USB_FS
 .bss.uwTick    0x20000834        0x4 ./Drivers/STM32WBxx_HAL_Driver/Src/stm32wbxx_hal.o
                0x20000834                uwTick
 *(COMMON)
                0x20000838                        . = ALIGN (0x4)
                0x20000838                        _ebss = .
                0x20000838                        __bss_end__ = _ebss

._user_heap_stack
                0x20000838      0x600 load address 0x08006aa4
                0x20000838                        . = ALIGN (0x8)
                [!provide]                        PROVIDE (end = .)
                0x20000838                        PROVIDE (_end = .)
                0x20000a38                        . = (. + _Min_Heap_Size)
 *fill*         0x20000838      0x200 
                0x20000e38                        . = (. + _Min_Stack_Size)
 *fill*         0x20000a38      0x400 
                0x20000e38                        . = ALIGN (0x8)

/DISCARD/
 libc.a(*)
 libm.a(*)
 libgcc.a(*)

.ARM.attributes
                0x00000000       0x30
 *(.ARM.attributes)
 .ARM.attributes
                0x00000000       0x22 /Applications/STM32CubeIDE.app/Contents/Eclipse/plugins/com.st.stm32cube.ide.mcu.externaltools.gnu-tools-for-stm32.13.3.rel1.macos64_1.0.0.202411102158/tools/bin/../lib/gcc/arm-none-eabi/13.3.1/thumb/v7e-m+fp/hard/crti.o
 .ARM.attributes
                0x00000022       0x34 /Applications/STM32CubeIDE.app/Contents/Eclipse/plugins/com.st.stm32cube.ide.mcu.externaltools.gnu-tools-for-stm32.13.3.rel1.macos64_1.0.0.202411102158/tools/bin/../lib/gcc/arm-none-eabi/13.3.1/thumb/v7e-m+fp/hard/crtbegin.o
 .ARM.attributes
                0x00000056       0x34 ./Core/Src/DPS368-Barometer.o
 .ARM.attributes
                0x0000008a       0x34 ./Core/Src/SCD41-CO2Sensor.o
 .ARM.attributes
                0x000000be       0x34 ./Core/Src/SSD1309-OLED.o
 .ARM.attributes
                0x000000f2       0x34 ./Core/Src/gpio.o
 .ARM.attributes
                0x00000126       0x34 ./Core/Src/i2c.o
 .ARM.attributes
                0x0000015a       0x34 ./Core/Src/main.o
 .ARM.attributes
                0x0000018e       0x34 ./Core/Src/rf.o
 .ARM.attributes
                0x000001c2       0x34 ./Core/Src/spi.o
 .ARM.attributes
                0x000001f6       0x34 ./Core/Src/stm32wbxx_hal_msp.o
 .ARM.attributes
                0x0000022a       0x34 ./Core/Src/stm32wbxx_it.o
 .ARM.attributes
                0x0000025e       0x34 ./Core/Src/system_stm32wbxx.o
 .ARM.attributes
                0x00000292       0x34 ./Core/Src/tim.o
 .ARM.attributes
                0x000002c6       0x34 ./Core/Src/usb.o
 .ARM.attributes
                0x000002fa       0x21 ./Core/Startup/startup_stm32wb55cgux.o
 .ARM.attributes
                0x0000031b       0x34 ./Drivers/STM32WBxx_HAL_Driver/Src/stm32wbxx_hal.o
 .ARM.attributes
                0x0000034f       0x34 ./Drivers/STM32WBxx_HAL_Driver/Src/stm32wbxx_hal_cortex.o
 .ARM.attributes
                0x00000383       0x34 ./Drivers/STM32WBxx_HAL_Driver/Src/stm32wbxx_hal_gpio.o
 .ARM.attributes
                0x000003b7       0x34 ./Drivers/STM32WBxx_HAL_Driver/Src/stm32wbxx_hal_i2c.o
 .ARM.attributes
                0x000003eb       0x34 ./Drivers/STM32WBxx_HAL_Driver/Src/stm32wbxx_hal_i2c_ex.o
 .ARM.attributes
                0x0000041f       0x34 ./Drivers/STM32WBxx_HAL_Driver/Src/stm32wbxx_hal_pcd.o
 .ARM.attributes
                0x00000453       0x34 ./Drivers/STM32WBxx_HAL_Driver/Src/stm32wbxx_hal_pcd_ex.o
 .ARM.attributes
                0x00000487       0x34 ./Drivers/STM32WBxx_HAL_Driver/Src/stm32wbxx_hal_pwr.o
 .ARM.attributes
                0x000004bb       0x34 ./Drivers/STM32WBxx_HAL_Driver/Src/stm32wbxx_hal_pwr_ex.o
 .ARM.attributes
                0x000004ef       0x34 ./Drivers/STM32WBxx_HAL_Driver/Src/stm32wbxx_hal_rcc.o
 .ARM.attributes
                0x00000523       0x34 ./Drivers/STM32WBxx_HAL_Driver/Src/stm32wbxx_hal_rcc_ex.o
 .ARM.attributes
                0x00000557       0x34 ./Drivers/STM32WBxx_HAL_Driver/Src/stm32wbxx_hal_spi.o
 .ARM.attributes
                0x0000058b       0x34 ./Drivers/STM32WBxx_HAL_Driver/Src/stm32wbxx_hal_tim.o
 .ARM.attributes
                0x000005bf       0x34 ./Drivers/STM32WBxx_HAL_Driver/Src/stm32wbxx_hal_tim_ex.o
 .ARM.attributes
                0x000005f3       0x34 ./Drivers/STM32WBxx_HAL_Driver/Src/stm32wbxx_ll_usb.o
 .ARM.attributes
                0x00000627       0x34 /Applications/STM32CubeIDE.app/Contents/Eclipse/plugins/com.st.stm32cube.ide.mcu.externaltools.gnu-tools-for-stm32.13.3.rel1.macos64_1.0.0.202411102158/tools/bin/../lib/gcc/arm-none-eabi/13.3.1/../../../../arm-none-eabi/lib/thumb/v7e-m+fp/hard/libc_nano.a(libc_a-memset.o)
 .ARM.attributes
                0x0000065b       0x34 /Applications/STM32CubeIDE.app/Contents/Eclipse/plugins/com.st.stm32cube.ide.mcu.externaltools.gnu-tools-for-stm32.13.3.rel1.macos64_1.0.0.202411102158/tools/bin/../lib/gcc/arm-none-eabi/13.3.1/../../../../arm-none-eabi/lib/thumb/v7e-m+fp/hard/libc_nano.a(libc_a-init.o)
 .ARM.attributes
                0x0000068f       0x22 /Applications/STM32CubeIDE.app/Contents/Eclipse/plugins/com.st.stm32cube.ide.mcu.externaltools.gnu-tools-for-stm32.13.3.rel1.macos64_1.0.0.202411102158/tools/bin/../lib/gcc/arm-none-eabi/13.3.1/thumb/v7e-m+fp/hard/libgcc.a(_arm_muldf3.o)
 .ARM.attributes
                0x000006b1       0x22 /Applications/STM32CubeIDE.app/Contents/Eclipse/plugins/com.st.stm32cube.ide.mcu.externaltools.gnu-tools-for-stm32.13.3.rel1.macos64_1.0.0.202411102158/tools/bin/../lib/gcc/arm-none-eabi/13.3.1/thumb/v7e-m+fp/hard/libgcc.a(_arm_addsubdf3.o)
 .ARM.attributes
                0x000006d3       0x22 /Applications/STM32CubeIDE.app/Contents/Eclipse/plugins/com.st.stm32cube.ide.mcu.externaltools.gnu-tools-for-stm32.13.3.rel1.macos64_1.0.0.202411102158/tools/bin/../lib/gcc/arm-none-eabi/13.3.1/thumb/v7e-m+fp/hard/libgcc.a(_arm_fixunsdfsi.o)
 .ARM.attributes
                0x000006f5       0x22 /Applications/STM32CubeIDE.app/Contents/Eclipse/plugins/com.st.stm32cube.ide.mcu.externaltools.gnu-tools-for-stm32.13.3.rel1.macos64_1.0.0.202411102158/tools/bin/../lib/gcc/arm-none-eabi/13.3.1/thumb/v7e-m+fp/hard/libgcc.a(_arm_truncdfsf2.o)
 .ARM.attributes
                0x00000717       0x22 /Applications/STM32CubeIDE.app/Contents/Eclipse/plugins/com.st.stm32cube.ide.mcu.externaltools.gnu-tools-for-stm32.13.3.rel1.macos64_1.0.0.202411102158/tools/bin/../lib/gcc/arm-none-eabi/13.3.1/thumb/v7e-m+fp/hard/crtn.o

MAPPING_TABLE
 *(MAPPING_TABLE)

MB_MEM1
 *(MB_MEM1)
                0x08006aa4                        _siMB_MEM2 = LOADADDR (.MB_MEM2)

.MB_MEM2        0x20030000        0x0 load address 0x08006aa4
                0x20030000                        _sMB_MEM2 = .
 *(MB_MEM2)
                0x20030000                        _eMB_MEM2 = .
OUTPUT(Tempting.elf elf32-littlearm)
LOAD linker stubs
LOAD /Applications/STM32CubeIDE.app/Contents/Eclipse/plugins/com.st.stm32cube.ide.mcu.externaltools.gnu-tools-for-stm32.13.3.rel1.macos64_1.0.0.202411102158/tools/bin/../lib/gcc/arm-none-eabi/13.3.1/../../../../arm-none-eabi/lib/thumb/v7e-m+fp/hard/libc.a
LOAD /Applications/STM32CubeIDE.app/Contents/Eclipse/plugins/com.st.stm32cube.ide.mcu.externaltools.gnu-tools-for-stm32.13.3.rel1.macos64_1.0.0.202411102158/tools/bin/../lib/gcc/arm-none-eabi/13.3.1/../../../../arm-none-eabi/lib/thumb/v7e-m+fp/hard/libm.a
LOAD /Applications/STM32CubeIDE.app/Contents/Eclipse/plugins/com.st.stm32cube.ide.mcu.externaltools.gnu-tools-for-stm32.13.3.rel1.macos64_1.0.0.202411102158/tools/bin/../lib/gcc/arm-none-eabi/13.3.1/thumb/v7e-m+fp/hard/libgcc.a

.debug_info     0x00000000    0x1a7a4
 .debug_info    0x00000000      0xba5 ./Core/Src/DPS368-Barometer.o
 .debug_info    0x00000ba5      0xd14 ./Core/Src/SCD41-CO2Sensor.o
 .debug_info    0x000018b9      0x96c ./Core/Src/SSD1309-OLED.o
 .debug_info    0x00002225      0x762 ./Core/Src/gpio.o
 .debug_info    0x00002987      0xe8a ./Core/Src/i2c.o
 .debug_info    0x00003811     0x13f5 ./Core/Src/main.o
 .debug_info    0x00004c06       0x8a ./Core/Src/rf.o
 .debug_info    0x00004c90      0xc50 ./Core/Src/spi.o
 .debug_info    0x000058e0       0x8a ./Core/Src/stm32wbxx_hal_msp.o
 .debug_info    0x0000596a      0x15c ./Core/Src/stm32wbxx_it.o
 .debug_info    0x00005ac6      0x703 ./Core/Src/system_stm32wbxx.o
 .debug_info    0x000061c9      0xeb4 ./Core/Src/tim.o
 .debug_info    0x0000707d      0xd23 ./Core/Src/usb.o
 .debug_info    0x00007da0       0x30 ./Core/Startup/startup_stm32wb55cgux.o
 .debug_info    0x00007dd0     0x12ae ./Drivers/STM32WBxx_HAL_Driver/Src/stm32wbxx_hal.o
 .debug_info    0x0000907e      0xccd ./Drivers/STM32WBxx_HAL_Driver/Src/stm32wbxx_hal_cortex.o
 .debug_info    0x00009d4b      0x6aa ./Drivers/STM32WBxx_HAL_Driver/Src/stm32wbxx_hal_gpio.o
 .debug_info    0x0000a3f5     0x21ee ./Drivers/STM32WBxx_HAL_Driver/Src/stm32wbxx_hal_i2c.o
 .debug_info    0x0000c5e3      0x8fb ./Drivers/STM32WBxx_HAL_Driver/Src/stm32wbxx_hal_i2c_ex.o
 .debug_info    0x0000cede     0x1610 ./Drivers/STM32WBxx_HAL_Driver/Src/stm32wbxx_hal_pcd.o
 .debug_info    0x0000e4ee      0x80a ./Drivers/STM32WBxx_HAL_Driver/Src/stm32wbxx_hal_pcd_ex.o
 .debug_info    0x0000ecf8      0x904 ./Drivers/STM32WBxx_HAL_Driver/Src/stm32wbxx_hal_pwr.o
 .debug_info    0x0000f5fc     0x105d ./Drivers/STM32WBxx_HAL_Driver/Src/stm32wbxx_hal_pwr_ex.o
 .debug_info    0x00010659     0x14d1 ./Drivers/STM32WBxx_HAL_Driver/Src/stm32wbxx_hal_rcc.o
 .debug_info    0x00011b2a     0x1c40 ./Drivers/STM32WBxx_HAL_Driver/Src/stm32wbxx_hal_rcc_ex.o
 .debug_info    0x0001376a     0x1665 ./Drivers/STM32WBxx_HAL_Driver/Src/stm32wbxx_hal_spi.o
 .debug_info    0x00014dcf     0x2bc0 ./Drivers/STM32WBxx_HAL_Driver/Src/stm32wbxx_hal_tim.o
 .debug_info    0x0001798f     0x189e ./Drivers/STM32WBxx_HAL_Driver/Src/stm32wbxx_hal_tim_ex.o
 .debug_info    0x0001922d     0x1577 ./Drivers/STM32WBxx_HAL_Driver/Src/stm32wbxx_ll_usb.o

.debug_abbrev   0x00000000     0x3e20
 .debug_abbrev  0x00000000      0x1ee ./Core/Src/DPS368-Barometer.o
 .debug_abbrev  0x000001ee      0x227 ./Core/Src/SCD41-CO2Sensor.o
 .debug_abbrev  0x00000415      0x219 ./Core/Src/SSD1309-OLED.o
 .debug_abbrev  0x0000062e      0x1a1 ./Core/Src/gpio.o
 .debug_abbrev  0x000007cf      0x277 ./Core/Src/i2c.o
 .debug_abbrev  0x00000a46      0x37e ./Core/Src/main.o
 .debug_abbrev  0x00000dc4       0x45 ./Core/Src/rf.o
 .debug_abbrev  0x00000e09      0x25b ./Core/Src/spi.o
 .debug_abbrev  0x00001064       0x45 ./Core/Src/stm32wbxx_hal_msp.o
 .debug_abbrev  0x000010a9       0xa0 ./Core/Src/stm32wbxx_it.o
 .debug_abbrev  0x00001149      0x13b ./Core/Src/system_stm32wbxx.o
 .debug_abbrev  0x00001284      0x254 ./Core/Src/tim.o
 .debug_abbrev  0x000014d8      0x270 ./Core/Src/usb.o
 .debug_abbrev  0x00001748       0x24 ./Core/Startup/startup_stm32wb55cgux.o
 .debug_abbrev  0x0000176c      0x367 ./Drivers/STM32WBxx_HAL_Driver/Src/stm32wbxx_hal.o
 .debug_abbrev  0x00001ad3      0x319 ./Drivers/STM32WBxx_HAL_Driver/Src/stm32wbxx_hal_cortex.o
 .debug_abbrev  0x00001dec      0x1e5 ./Drivers/STM32WBxx_HAL_Driver/Src/stm32wbxx_hal_gpio.o
 .debug_abbrev  0x00001fd1      0x260 ./Drivers/STM32WBxx_HAL_Driver/Src/stm32wbxx_hal_i2c.o
 .debug_abbrev  0x00002231      0x1c8 ./Drivers/STM32WBxx_HAL_Driver/Src/stm32wbxx_hal_i2c_ex.o
 .debug_abbrev  0x000023f9      0x2b9 ./Drivers/STM32WBxx_HAL_Driver/Src/stm32wbxx_hal_pcd.o
 .debug_abbrev  0x000026b2      0x228 ./Drivers/STM32WBxx_HAL_Driver/Src/stm32wbxx_hal_pcd_ex.o
 .debug_abbrev  0x000028da      0x205 ./Drivers/STM32WBxx_HAL_Driver/Src/stm32wbxx_hal_pwr.o
 .debug_abbrev  0x00002adf      0x31c ./Drivers/STM32WBxx_HAL_Driver/Src/stm32wbxx_hal_pwr_ex.o
 .debug_abbrev  0x00002dfb      0x31b ./Drivers/STM32WBxx_HAL_Driver/Src/stm32wbxx_hal_rcc.o
 .debug_abbrev  0x00003116      0x35a ./Drivers/STM32WBxx_HAL_Driver/Src/stm32wbxx_hal_rcc_ex.o
 .debug_abbrev  0x00003470      0x25d ./Drivers/STM32WBxx_HAL_Driver/Src/stm32wbxx_hal_spi.o
 .debug_abbrev  0x000036cd      0x277 ./Drivers/STM32WBxx_HAL_Driver/Src/stm32wbxx_hal_tim.o
 .debug_abbrev  0x00003944      0x295 ./Drivers/STM32WBxx_HAL_Driver/Src/stm32wbxx_hal_tim_ex.o
 .debug_abbrev  0x00003bd9      0x247 ./Drivers/STM32WBxx_HAL_Driver/Src/stm32wbxx_ll_usb.o

.debug_aranges  0x00000000     0x1db0
 .debug_aranges
                0x00000000       0x48 ./Core/Src/DPS368-Barometer.o
 .debug_aranges
                0x00000048       0x80 ./Core/Src/SCD41-CO2Sensor.o
 .debug_aranges
                0x000000c8       0x50 ./Core/Src/SSD1309-OLED.o
 .debug_aranges
                0x00000118       0x28 ./Core/Src/gpio.o
 .debug_aranges
                0x00000140       0x48 ./Core/Src/i2c.o
 .debug_aranges
                0x00000188       0x68 ./Core/Src/main.o
 .debug_aranges
                0x000001f0       0x20 ./Core/Src/rf.o
 .debug_aranges
                0x00000210       0x48 ./Core/Src/spi.o
 .debug_aranges
                0x00000258       0x20 ./Core/Src/stm32wbxx_hal_msp.o
 .debug_aranges
                0x00000278       0x70 ./Core/Src/stm32wbxx_it.o
 .debug_aranges
                0x000002e8       0x28 ./Core/Src/system_stm32wbxx.o
 .debug_aranges
                0x00000310       0x50 ./Core/Src/tim.o
 .debug_aranges
                0x00000360       0x48 ./Core/Src/usb.o
 .debug_aranges
                0x000003a8       0x30 ./Core/Startup/startup_stm32wb55cgux.o
 .debug_aranges
                0x000003d8      0x280 ./Drivers/STM32WBxx_HAL_Driver/Src/stm32wbxx_hal.o
 .debug_aranges
                0x00000658      0x118 ./Drivers/STM32WBxx_HAL_Driver/Src/stm32wbxx_hal_cortex.o
 .debug_aranges
                0x00000770       0x60 ./Drivers/STM32WBxx_HAL_Driver/Src/stm32wbxx_hal_gpio.o
 .debug_aranges
                0x000007d0      0x2a0 ./Drivers/STM32WBxx_HAL_Driver/Src/stm32wbxx_hal_i2c.o
 .debug_aranges
                0x00000a70       0x48 ./Drivers/STM32WBxx_HAL_Driver/Src/stm32wbxx_hal_i2c_ex.o
 .debug_aranges
                0x00000ab8      0x138 ./Drivers/STM32WBxx_HAL_Driver/Src/stm32wbxx_hal_pcd.o
 .debug_aranges
                0x00000bf0       0x58 ./Drivers/STM32WBxx_HAL_Driver/Src/stm32wbxx_hal_pcd_ex.o
 .debug_aranges
                0x00000c48       0xd0 ./Drivers/STM32WBxx_HAL_Driver/Src/stm32wbxx_hal_pwr.o
 .debug_aranges
                0x00000d18      0x288 ./Drivers/STM32WBxx_HAL_Driver/Src/stm32wbxx_hal_pwr_ex.o
 .debug_aranges
                0x00000fa0      0x270 ./Drivers/STM32WBxx_HAL_Driver/Src/stm32wbxx_hal_rcc.o
 .debug_aranges
                0x00001210      0x390 ./Drivers/STM32WBxx_HAL_Driver/Src/stm32wbxx_hal_rcc_ex.o
 .debug_aranges
                0x000015a0      0x1d8 ./Drivers/STM32WBxx_HAL_Driver/Src/stm32wbxx_hal_spi.o
 .debug_aranges
                0x00001778      0x3e0 ./Drivers/STM32WBxx_HAL_Driver/Src/stm32wbxx_hal_tim.o
 .debug_aranges
                0x00001b58      0x190 ./Drivers/STM32WBxx_HAL_Driver/Src/stm32wbxx_hal_tim_ex.o
 .debug_aranges
                0x00001ce8       0xc8 ./Drivers/STM32WBxx_HAL_Driver/Src/stm32wbxx_ll_usb.o

.debug_rnglists
                0x00000000     0x16b2
 .debug_rnglists
                0x00000000       0x34 ./Core/Src/DPS368-Barometer.o
 .debug_rnglists
                0x00000034       0x5e ./Core/Src/SCD41-CO2Sensor.o
 .debug_rnglists
                0x00000092       0x38 ./Core/Src/SSD1309-OLED.o
 .debug_rnglists
                0x000000ca       0x1a ./Core/Src/gpio.o
 .debug_rnglists
                0x000000e4       0x33 ./Core/Src/i2c.o
 .debug_rnglists
                0x00000117       0x4c ./Core/Src/main.o
 .debug_rnglists
                0x00000163       0x13 ./Core/Src/rf.o
 .debug_rnglists
                0x00000176       0x31 ./Core/Src/spi.o
 .debug_rnglists
                0x000001a7       0x13 ./Core/Src/stm32wbxx_hal_msp.o
 .debug_rnglists
                0x000001ba       0x4f ./Core/Src/stm32wbxx_it.o
 .debug_rnglists
                0x00000209       0x1b ./Core/Src/system_stm32wbxx.o
 .debug_rnglists
                0x00000224       0x38 ./Core/Src/tim.o
 .debug_rnglists
                0x0000025c       0x32 ./Core/Src/usb.o
 .debug_rnglists
                0x0000028e       0x1f ./Core/Startup/startup_stm32wb55cgux.o
 .debug_rnglists
                0x000002ad      0x1db ./Drivers/STM32WBxx_HAL_Driver/Src/stm32wbxx_hal.o
 .debug_rnglists
                0x00000488       0xce ./Drivers/STM32WBxx_HAL_Driver/Src/stm32wbxx_hal_cortex.o
 .debug_rnglists
                0x00000556       0x45 ./Drivers/STM32WBxx_HAL_Driver/Src/stm32wbxx_hal_gpio.o
 .debug_rnglists
                0x0000059b      0x228 ./Drivers/STM32WBxx_HAL_Driver/Src/stm32wbxx_hal_i2c.o
 .debug_rnglists
                0x000007c3       0x35 ./Drivers/STM32WBxx_HAL_Driver/Src/stm32wbxx_hal_i2c_ex.o
 .debug_rnglists
                0x000007f8       0xee ./Drivers/STM32WBxx_HAL_Driver/Src/stm32wbxx_hal_pcd.o
 .debug_rnglists
                0x000008e6       0x3f ./Drivers/STM32WBxx_HAL_Driver/Src/stm32wbxx_hal_pcd_ex.o
 .debug_rnglists
                0x00000925       0x99 ./Drivers/STM32WBxx_HAL_Driver/Src/stm32wbxx_hal_pwr.o
 .debug_rnglists
                0x000009be      0x1e8 ./Drivers/STM32WBxx_HAL_Driver/Src/stm32wbxx_hal_pwr_ex.o
 .debug_rnglists
                0x00000ba6      0x1d6 ./Drivers/STM32WBxx_HAL_Driver/Src/stm32wbxx_hal_rcc.o
 .debug_rnglists
                0x00000d7c      0x2b6 ./Drivers/STM32WBxx_HAL_Driver/Src/stm32wbxx_hal_rcc_ex.o
 .debug_rnglists
                0x00001032      0x178 ./Drivers/STM32WBxx_HAL_Driver/Src/stm32wbxx_hal_spi.o
 .debug_rnglists
                0x000011aa      0x328 ./Drivers/STM32WBxx_HAL_Driver/Src/stm32wbxx_hal_tim.o
 .debug_rnglists
                0x000014d2      0x147 ./Drivers/STM32WBxx_HAL_Driver/Src/stm32wbxx_hal_tim_ex.o
 .debug_rnglists
                0x00001619       0x99 ./Drivers/STM32WBxx_HAL_Driver/Src/stm32wbxx_ll_usb.o

.debug_macro    0x00000000    0x23fcd
 .debug_macro   0x00000000      0x2a8 ./Core/Src/DPS368-Barometer.o
 .debug_macro   0x000002a8      0xad8 ./Core/Src/DPS368-Barometer.o
 .debug_macro   0x00000d80      0x13c ./Core/Src/DPS368-Barometer.o
 .debug_macro   0x00000ebc       0x2e ./Core/Src/DPS368-Barometer.o
 .debug_macro   0x00000eea       0x2e ./Core/Src/DPS368-Barometer.o
 .debug_macro   0x00000f18       0x22 ./Core/Src/DPS368-Barometer.o
 .debug_macro   0x00000f3a       0x8e ./Core/Src/DPS368-Barometer.o
 .debug_macro   0x00000fc8       0x51 ./Core/Src/DPS368-Barometer.o
 .debug_macro   0x00001019      0x103 ./Core/Src/DPS368-Barometer.o
 .debug_macro   0x0000111c       0x6a ./Core/Src/DPS368-Barometer.o
 .debug_macro   0x00001186      0x1df ./Core/Src/DPS368-Barometer.o
 .debug_macro   0x00001365       0x1c ./Core/Src/DPS368-Barometer.o
 .debug_macro   0x00001381       0x22 ./Core/Src/DPS368-Barometer.o
 .debug_macro   0x000013a3       0xfb ./Core/Src/DPS368-Barometer.o
 .debug_macro   0x0000149e     0x1011 ./Core/Src/DPS368-Barometer.o
 .debug_macro   0x000024af      0x11f ./Core/Src/DPS368-Barometer.o
 .debug_macro   0x000025ce    0x12adb ./Core/Src/DPS368-Barometer.o
 .debug_macro   0x000150a9       0x6c ./Core/Src/DPS368-Barometer.o
 .debug_macro   0x00015115     0x350b ./Core/Src/DPS368-Barometer.o
 .debug_macro   0x00018620      0x190 ./Core/Src/DPS368-Barometer.o
 .debug_macro   0x000187b0       0x5c ./Core/Src/DPS368-Barometer.o
 .debug_macro   0x0001880c      0x3f5 ./Core/Src/DPS368-Barometer.o
 .debug_macro   0x00018c01      0x286 ./Core/Src/DPS368-Barometer.o
 .debug_macro   0x00018e87      0x30d ./Core/Src/DPS368-Barometer.o
 .debug_macro   0x00019194      0x17e ./Core/Src/DPS368-Barometer.o
 .debug_macro   0x00019312       0x43 ./Core/Src/DPS368-Barometer.o
 .debug_macro   0x00019355      0x236 ./Core/Src/DPS368-Barometer.o
 .debug_macro   0x0001958b      0x24a ./Core/Src/DPS368-Barometer.o
 .debug_macro   0x000197d5      0x57b ./Core/Src/DPS368-Barometer.o
 .debug_macro   0x00019d50       0x2e ./Core/Src/DPS368-Barometer.o
 .debug_macro   0x00019d7e      0x100 ./Core/Src/DPS368-Barometer.o
 .debug_macro   0x00019e7e      0x1ba ./Core/Src/DPS368-Barometer.o
 .debug_macro   0x0001a038      0x1cd ./Core/Src/DPS368-Barometer.o
 .debug_macro   0x0001a205      0x22c ./Core/Src/DPS368-Barometer.o
 .debug_macro   0x0001a431       0x55 ./Core/Src/DPS368-Barometer.o
 .debug_macro   0x0001a486       0xa5 ./Core/Src/DPS368-Barometer.o
 .debug_macro   0x0001a52b       0x73 ./Core/Src/DPS368-Barometer.o
 .debug_macro   0x0001a59e      0x22d ./Core/Src/DPS368-Barometer.o
 .debug_macro   0x0001a7cb      0x381 ./Core/Src/DPS368-Barometer.o
 .debug_macro   0x0001ab4c      0x13d ./Core/Src/DPS368-Barometer.o
 .debug_macro   0x0001ac89      0x141 ./Core/Src/DPS368-Barometer.o
 .debug_macro   0x0001adca      0x4ff ./Core/Src/DPS368-Barometer.o
 .debug_macro   0x0001b2c9      0x874 ./Core/Src/DPS368-Barometer.o
 .debug_macro   0x0001bb3d      0x259 ./Core/Src/DPS368-Barometer.o
 .debug_macro   0x0001bd96     0x1bb1 ./Core/Src/DPS368-Barometer.o
 .debug_macro   0x0001d947       0xe4 ./Core/Src/DPS368-Barometer.o
 .debug_macro   0x0001da2b      0x5e7 ./Core/Src/DPS368-Barometer.o
 .debug_macro   0x0001e012      0x2fe ./Core/Src/DPS368-Barometer.o
 .debug_macro   0x0001e310      0xac9 ./Core/Src/DPS368-Barometer.o
 .debug_macro   0x0001edd9      0x110 ./Core/Src/DPS368-Barometer.o
 .debug_macro   0x0001eee9      0x557 ./Core/Src/DPS368-Barometer.o
 .debug_macro   0x0001f440      0x433 ./Core/Src/DPS368-Barometer.o
 .debug_macro   0x0001f873       0x22 ./Core/Src/DPS368-Barometer.o
 .debug_macro   0x0001f895       0x10 ./Core/Src/DPS368-Barometer.o
 .debug_macro   0x0001f8a5       0x64 ./Core/Src/DPS368-Barometer.o
 .debug_macro   0x0001f909       0x7c ./Core/Src/DPS368-Barometer.o
 .debug_macro   0x0001f985      0x2a8 ./Core/Src/SCD41-CO2Sensor.o
 .debug_macro   0x0001fc2d      0x2a8 ./Core/Src/SSD1309-OLED.o
 .debug_macro   0x0001fed5       0x16 ./Core/Src/SSD1309-OLED.o
 .debug_macro   0x0001feeb       0x5e ./Core/Src/SSD1309-OLED.o
 .debug_macro   0x0001ff49      0x2a8 ./Core/Src/gpio.o
 .debug_macro   0x000201f1      0x2a8 ./Core/Src/i2c.o
 .debug_macro   0x00020499      0x2e4 ./Core/Src/main.o
 .debug_macro   0x0002077d      0x2a8 ./Core/Src/rf.o
 .debug_macro   0x00020a25      0x2a8 ./Core/Src/spi.o
 .debug_macro   0x00020ccd      0x29e ./Core/Src/stm32wbxx_hal_msp.o
 .debug_macro   0x00020f6b      0x2a8 ./Core/Src/stm32wbxx_it.o
 .debug_macro   0x00021213      0x260 ./Core/Src/system_stm32wbxx.o
 .debug_macro   0x00021473      0x2a8 ./Core/Src/tim.o
 .debug_macro   0x0002171b      0x2a8 ./Core/Src/usb.o
 .debug_macro   0x000219c3      0x284 ./Drivers/STM32WBxx_HAL_Driver/Src/stm32wbxx_hal.o
 .debug_macro   0x00021c47      0x260 ./Drivers/STM32WBxx_HAL_Driver/Src/stm32wbxx_hal_cortex.o
 .debug_macro   0x00021ea7      0x267 ./Drivers/STM32WBxx_HAL_Driver/Src/stm32wbxx_hal_gpio.o
 .debug_macro   0x0002210e      0x32c ./Drivers/STM32WBxx_HAL_Driver/Src/stm32wbxx_hal_i2c.o
 .debug_macro   0x0002243a      0x260 ./Drivers/STM32WBxx_HAL_Driver/Src/stm32wbxx_hal_i2c_ex.o
 .debug_macro   0x0002269a      0x26c ./Drivers/STM32WBxx_HAL_Driver/Src/stm32wbxx_hal_pcd.o
 .debug_macro   0x00022906      0x260 ./Drivers/STM32WBxx_HAL_Driver/Src/stm32wbxx_hal_pcd_ex.o
 .debug_macro   0x00022b66      0x2d2 ./Drivers/STM32WBxx_HAL_Driver/Src/stm32wbxx_hal_pwr.o
 .debug_macro   0x00022e38      0x272 ./Drivers/STM32WBxx_HAL_Driver/Src/stm32wbxx_hal_pwr_ex.o
 .debug_macro   0x000230aa      0x2d2 ./Drivers/STM32WBxx_HAL_Driver/Src/stm32wbxx_hal_rcc.o
 .debug_macro   0x0002337c      0x2b5 ./Drivers/STM32WBxx_HAL_Driver/Src/stm32wbxx_hal_rcc_ex.o
 .debug_macro   0x00023631      0x268 ./Drivers/STM32WBxx_HAL_Driver/Src/stm32wbxx_hal_spi.o
 .debug_macro   0x00023899      0x268 ./Drivers/STM32WBxx_HAL_Driver/Src/stm32wbxx_hal_tim.o
 .debug_macro   0x00023b01      0x26c ./Drivers/STM32WBxx_HAL_Driver/Src/stm32wbxx_hal_tim_ex.o
 .debug_macro   0x00023d6d      0x260 ./Drivers/STM32WBxx_HAL_Driver/Src/stm32wbxx_ll_usb.o

.debug_line     0x00000000    0x1e4ce
 .debug_line    0x00000000      0xab8 ./Core/Src/DPS368-Barometer.o
 .debug_line    0x00000ab8      0xafa ./Core/Src/SCD41-CO2Sensor.o
 .debug_line    0x000015b2      0x98c ./Core/Src/SSD1309-OLED.o
 .debug_line    0x00001f3e      0x88c ./Core/Src/gpio.o
 .debug_line    0x000027ca      0x94d ./Core/Src/i2c.o
 .debug_line    0x00003117      0xb16 ./Core/Src/main.o
 .debug_line    0x00003c2d      0x841 ./Core/Src/rf.o
 .debug_line    0x0000446e      0x929 ./Core/Src/spi.o
 .debug_line    0x00004d97      0x848 ./Core/Src/stm32wbxx_hal_msp.o
 .debug_line    0x000055df      0x92b ./Core/Src/stm32wbxx_it.o
 .debug_line    0x00005f0a      0x8b5 ./Core/Src/system_stm32wbxx.o
 .debug_line    0x000067bf      0x976 ./Core/Src/tim.o
 .debug_line    0x00007135      0x935 ./Core/Src/usb.o
 .debug_line    0x00007a6a       0x83 ./Core/Startup/startup_stm32wb55cgux.o
 .debug_line    0x00007aed     0x1078 ./Drivers/STM32WBxx_HAL_Driver/Src/stm32wbxx_hal.o
 .debug_line    0x00008b65      0xd62 ./Drivers/STM32WBxx_HAL_Driver/Src/stm32wbxx_hal_cortex.o
 .debug_line    0x000098c7      0xc29 ./Drivers/STM32WBxx_HAL_Driver/Src/stm32wbxx_hal_gpio.o
 .debug_line    0x0000a4f0     0x37cf ./Drivers/STM32WBxx_HAL_Driver/Src/stm32wbxx_hal_i2c.o
 .debug_line    0x0000dcbf      0x966 ./Drivers/STM32WBxx_HAL_Driver/Src/stm32wbxx_hal_i2c_ex.o
 .debug_line    0x0000e625     0x13ba ./Drivers/STM32WBxx_HAL_Driver/Src/stm32wbxx_hal_pcd.o
 .debug_line    0x0000f9df      0x9a4 ./Drivers/STM32WBxx_HAL_Driver/Src/stm32wbxx_hal_pcd_ex.o
 .debug_line    0x00010383      0xa9f ./Drivers/STM32WBxx_HAL_Driver/Src/stm32wbxx_hal_pwr.o
 .debug_line    0x00010e22     0x11a1 ./Drivers/STM32WBxx_HAL_Driver/Src/stm32wbxx_hal_pwr_ex.o
 .debug_line    0x00011fc3     0x1b16 ./Drivers/STM32WBxx_HAL_Driver/Src/stm32wbxx_hal_rcc.o
 .debug_line    0x00013ad9     0x1fd2 ./Drivers/STM32WBxx_HAL_Driver/Src/stm32wbxx_hal_rcc_ex.o
 .debug_line    0x00015aab     0x20e8 ./Drivers/STM32WBxx_HAL_Driver/Src/stm32wbxx_hal_spi.o
 .debug_line    0x00017b93     0x3c69 ./Drivers/STM32WBxx_HAL_Driver/Src/stm32wbxx_hal_tim.o
 .debug_line    0x0001b7fc     0x1c12 ./Drivers/STM32WBxx_HAL_Driver/Src/stm32wbxx_hal_tim_ex.o
 .debug_line    0x0001d40e     0x10c0 ./Drivers/STM32WBxx_HAL_Driver/Src/stm32wbxx_ll_usb.o

.debug_str      0x00000000    0xdfa8c
 .debug_str     0x00000000    0xdfa8c ./Core/Src/DPS368-Barometer.o
                              0xd8427 (size before relaxing)
 .debug_str     0x000dfa8c    0xd8503 ./Core/Src/SCD41-CO2Sensor.o
 .debug_str     0x000dfa8c    0xd82fc ./Core/Src/SSD1309-OLED.o
 .debug_str     0x000dfa8c    0xd8415 ./Core/Src/gpio.o
 .debug_str     0x000dfa8c    0xd87bd ./Core/Src/i2c.o
 .debug_str     0x000dfa8c    0xd8cb5 ./Core/Src/main.o
 .debug_str     0x000dfa8c    0xd7ca6 ./Core/Src/rf.o
 .debug_str     0x000dfa8c    0xd8534 ./Core/Src/spi.o
 .debug_str     0x000dfa8c    0xd7cac ./Core/Src/stm32wbxx_hal_msp.o
 .debug_str     0x000dfa8c    0xd7d9a ./Core/Src/stm32wbxx_it.o
 .debug_str     0x000dfa8c    0xd79ea ./Core/Src/system_stm32wbxx.o
 .debug_str     0x000dfa8c    0xd878c ./Core/Src/tim.o
 .debug_str     0x000dfa8c    0xd8553 ./Core/Src/usb.o
 .debug_str     0x000dfa8c       0x82 ./Core/Startup/startup_stm32wb55cgux.o
 .debug_str     0x000dfa8c    0xd88d0 ./Drivers/STM32WBxx_HAL_Driver/Src/stm32wbxx_hal.o
 .debug_str     0x000dfa8c    0xd8088 ./Drivers/STM32WBxx_HAL_Driver/Src/stm32wbxx_hal_cortex.o
 .debug_str     0x000dfa8c    0xd79c4 ./Drivers/STM32WBxx_HAL_Driver/Src/stm32wbxx_hal_gpio.o
 .debug_str     0x000dfa8c    0xd8c07 ./Drivers/STM32WBxx_HAL_Driver/Src/stm32wbxx_hal_i2c.o
 .debug_str     0x000dfa8c    0xd7df9 ./Drivers/STM32WBxx_HAL_Driver/Src/stm32wbxx_hal_i2c_ex.o
 .debug_str     0x000dfa8c    0xd8070 ./Drivers/STM32WBxx_HAL_Driver/Src/stm32wbxx_hal_pcd.o
 .debug_str     0x000dfa8c    0xd7cac ./Drivers/STM32WBxx_HAL_Driver/Src/stm32wbxx_hal_pcd_ex.o
 .debug_str     0x000dfa8c    0xd7e5a ./Drivers/STM32WBxx_HAL_Driver/Src/stm32wbxx_hal_pwr.o
 .debug_str     0x000dfa8c    0xd835b ./Drivers/STM32WBxx_HAL_Driver/Src/stm32wbxx_hal_pwr_ex.o
 .debug_str     0x000dfa8c    0xd8848 ./Drivers/STM32WBxx_HAL_Driver/Src/stm32wbxx_hal_rcc.o
 .debug_str     0x000dfa8c    0xd8c71 ./Drivers/STM32WBxx_HAL_Driver/Src/stm32wbxx_hal_rcc_ex.o
 .debug_str     0x000dfa8c    0xd8221 ./Drivers/STM32WBxx_HAL_Driver/Src/stm32wbxx_hal_spi.o
 .debug_str     0x000dfa8c    0xd8d66 ./Drivers/STM32WBxx_HAL_Driver/Src/stm32wbxx_hal_tim.o
 .debug_str     0x000dfa8c    0xd87d8 ./Drivers/STM32WBxx_HAL_Driver/Src/stm32wbxx_hal_tim_ex.o
 .debug_str     0x000dfa8c    0xd7bad ./Drivers/STM32WBxx_HAL_Driver/Src/stm32wbxx_ll_usb.o

.comment        0x00000000       0x43
 .comment       0x00000000       0x43 ./Core/Src/DPS368-Barometer.o
                                 0x44 (size before relaxing)
 .comment       0x00000043       0x44 ./Core/Src/SCD41-CO2Sensor.o
 .comment       0x00000043       0x44 ./Core/Src/SSD1309-OLED.o
 .comment       0x00000043       0x44 ./Core/Src/gpio.o
 .comment       0x00000043       0x44 ./Core/Src/i2c.o
 .comment       0x00000043       0x44 ./Core/Src/main.o
 .comment       0x00000043       0x44 ./Core/Src/rf.o
 .comment       0x00000043       0x44 ./Core/Src/spi.o
 .comment       0x00000043       0x44 ./Core/Src/stm32wbxx_hal_msp.o
 .comment       0x00000043       0x44 ./Core/Src/stm32wbxx_it.o
 .comment       0x00000043       0x44 ./Core/Src/system_stm32wbxx.o
 .comment       0x00000043       0x44 ./Core/Src/tim.o
 .comment       0x00000043       0x44 ./Core/Src/usb.o
 .comment       0x00000043       0x44 ./Drivers/STM32WBxx_HAL_Driver/Src/stm32wbxx_hal.o
 .comment       0x00000043       0x44 ./Drivers/STM32WBxx_HAL_Driver/Src/stm32wbxx_hal_cortex.o
 .comment       0x00000043       0x44 ./Drivers/STM32WBxx_HAL_Driver/Src/stm32wbxx_hal_gpio.o
 .comment       0x00000043       0x44 ./Drivers/STM32WBxx_HAL_Driver/Src/stm32wbxx_hal_i2c.o
 .comment       0x00000043       0x44 ./Drivers/STM32WBxx_HAL_Driver/Src/stm32wbxx_hal_i2c_ex.o
 .comment       0x00000043       0x44 ./Drivers/STM32WBxx_HAL_Driver/Src/stm32wbxx_hal_pcd.o
 .comment       0x00000043       0x44 ./Drivers/STM32WBxx_HAL_Driver/Src/stm32wbxx_hal_pcd_ex.o
 .comment       0x00000043       0x44 ./Drivers/STM32WBxx_HAL_Driver/Src/stm32wbxx_hal_pwr.o
 .comment       0x00000043       0x44 ./Drivers/STM32WBxx_HAL_Driver/Src/stm32wbxx_hal_pwr_ex.o
 .comment       0x00000043       0x44 ./Drivers/STM32WBxx_HAL_Driver/Src/stm32wbxx_hal_rcc.o
 .comment       0x00000043       0x44 ./Drivers/STM32WBxx_HAL_Driver/Src/stm32wbxx_hal_rcc_ex.o
 .comment       0x00000043       0x44 ./Drivers/STM32WBxx_HAL_Driver/Src/stm32wbxx_hal_spi.o
 .comment       0x00000043       0x44 ./Drivers/STM32WBxx_HAL_Driver/Src/stm32wbxx_hal_tim.o
 .comment       0x00000043       0x44 ./Drivers/STM32WBxx_HAL_Driver/Src/stm32wbxx_hal_tim_ex.o
 .comment       0x00000043       0x44 ./Drivers/STM32WBxx_HAL_Driver/Src/stm32wbxx_ll_usb.o

.debug_frame    0x00000000     0x7da0
 .debug_frame   0x00000000       0xf0 ./Core/Src/DPS368-Barometer.o
 .debug_frame   0x000000f0      0x1f4 ./Core/Src/SCD41-CO2Sensor.o
 .debug_frame   0x000002e4      0x104 ./Core/Src/SSD1309-OLED.o
 .debug_frame   0x000003e8       0x5c ./Core/Src/gpio.o
 .debug_frame   0x00000444       0xec ./Core/Src/i2c.o
 .debug_frame   0x00000530      0x168 ./Core/Src/main.o
 .debug_frame   0x00000698       0x30 ./Core/Src/rf.o
 .debug_frame   0x000006c8       0xec ./Core/Src/spi.o
 .debug_frame   0x000007b4       0x30 ./Core/Src/stm32wbxx_hal_msp.o
 .debug_frame   0x000007e4      0x13c ./Core/Src/stm32wbxx_it.o
 .debug_frame   0x00000920       0x58 ./Core/Src/system_stm32wbxx.o
 .debug_frame   0x00000978      0x118 ./Core/Src/tim.o
 .debug_frame   0x00000a90       0xec ./Core/Src/usb.o
 .debug_frame   0x00000b7c      0xa34 ./Drivers/STM32WBxx_HAL_Driver/Src/stm32wbxx_hal.o
 .debug_frame   0x000015b0      0x49c ./Drivers/STM32WBxx_HAL_Driver/Src/stm32wbxx_hal_cortex.o
 .debug_frame   0x00001a4c      0x174 ./Drivers/STM32WBxx_HAL_Driver/Src/stm32wbxx_hal_gpio.o
 .debug_frame   0x00001bc0      0xc38 ./Drivers/STM32WBxx_HAL_Driver/Src/stm32wbxx_hal_i2c.o
 .debug_frame   0x000027f8      0x100 ./Drivers/STM32WBxx_HAL_Driver/Src/stm32wbxx_hal_i2c_ex.o
 .debug_frame   0x000028f8      0x56c ./Drivers/STM32WBxx_HAL_Driver/Src/stm32wbxx_hal_pcd.o
 .debug_frame   0x00002e64      0x14c ./Drivers/STM32WBxx_HAL_Driver/Src/stm32wbxx_hal_pcd_ex.o
 .debug_frame   0x00002fb0      0x344 ./Drivers/STM32WBxx_HAL_Driver/Src/stm32wbxx_hal_pwr.o
 .debug_frame   0x000032f4      0xb00 ./Drivers/STM32WBxx_HAL_Driver/Src/stm32wbxx_hal_pwr_ex.o
 .debug_frame   0x00003df4      0xa0c ./Drivers/STM32WBxx_HAL_Driver/Src/stm32wbxx_hal_rcc.o
 .debug_frame   0x00004800      0xf38 ./Drivers/STM32WBxx_HAL_Driver/Src/stm32wbxx_hal_rcc_ex.o
 .debug_frame   0x00005738      0x860 ./Drivers/STM32WBxx_HAL_Driver/Src/stm32wbxx_hal_spi.o
 .debug_frame   0x00005f98     0x121c ./Drivers/STM32WBxx_HAL_Driver/Src/stm32wbxx_hal_tim.o
 .debug_frame   0x000071b4      0x6fc ./Drivers/STM32WBxx_HAL_Driver/Src/stm32wbxx_hal_tim_ex.o
 .debug_frame   0x000078b0      0x380 ./Drivers/STM32WBxx_HAL_Driver/Src/stm32wbxx_ll_usb.o
 .debug_frame   0x00007c30       0x20 /Applications/STM32CubeIDE.app/Contents/Eclipse/plugins/com.st.stm32cube.ide.mcu.externaltools.gnu-tools-for-stm32.13.3.rel1.macos64_1.0.0.202411102158/tools/bin/../lib/gcc/arm-none-eabi/13.3.1/../../../../arm-none-eabi/lib/thumb/v7e-m+fp/hard/libc_nano.a(libc_a-memset.o)
 .debug_frame   0x00007c50       0x2c /Applications/STM32CubeIDE.app/Contents/Eclipse/plugins/com.st.stm32cube.ide.mcu.externaltools.gnu-tools-for-stm32.13.3.rel1.macos64_1.0.0.202411102158/tools/bin/../lib/gcc/arm-none-eabi/13.3.1/../../../../arm-none-eabi/lib/thumb/v7e-m+fp/hard/libc_nano.a(libc_a-init.o)
 .debug_frame   0x00007c7c       0x30 /Applications/STM32CubeIDE.app/Contents/Eclipse/plugins/com.st.stm32cube.ide.mcu.externaltools.gnu-tools-for-stm32.13.3.rel1.macos64_1.0.0.202411102158/tools/bin/../lib/gcc/arm-none-eabi/13.3.1/thumb/v7e-m+fp/hard/libgcc.a(_arm_muldf3.o)
 .debug_frame   0x00007cac       0xac /Applications/STM32CubeIDE.app/Contents/Eclipse/plugins/com.st.stm32cube.ide.mcu.externaltools.gnu-tools-for-stm32.13.3.rel1.macos64_1.0.0.202411102158/tools/bin/../lib/gcc/arm-none-eabi/13.3.1/thumb/v7e-m+fp/hard/libgcc.a(_arm_addsubdf3.o)
 .debug_frame   0x00007d58       0x24 /Applications/STM32CubeIDE.app/Contents/Eclipse/plugins/com.st.stm32cube.ide.mcu.externaltools.gnu-tools-for-stm32.13.3.rel1.macos64_1.0.0.202411102158/tools/bin/../lib/gcc/arm-none-eabi/13.3.1/thumb/v7e-m+fp/hard/libgcc.a(_arm_fixunsdfsi.o)
 .debug_frame   0x00007d7c       0x24 /Applications/STM32CubeIDE.app/Contents/Eclipse/plugins/com.st.stm32cube.ide.mcu.externaltools.gnu-tools-for-stm32.13.3.rel1.macos64_1.0.0.202411102158/tools/bin/../lib/gcc/arm-none-eabi/13.3.1/thumb/v7e-m+fp/hard/libgcc.a(_arm_truncdfsf2.o)

.debug_line_str
                0x00000000       0x66
 .debug_line_str
                0x00000000       0x66 ./Core/Startup/startup_stm32wb55cgux.o
