../STM32_WPAN/App/app_zigbee.c:142:6:APP_ZIGBEE_Init	16	static
../STM32_WPAN/App/app_zigbee.c:184:13:APP_ZIGBEE_StackLayersInit	8	static
../STM32_WPAN/App/app_zigbee.c:214:13:APP_ZIGBEE_ConfigEndpoints	48	static
../STM32_WPAN/App/app_zigbee.c:250:13:APP_ZIGBEE_NwkForm	496	static
../STM32_WPAN/App/app_zigbee.c:332:13:ZbStartupWaitCb	24	static
../STM32_WPAN/App/app_zigbee.c:341:20:ZbStartupWait	24	static
../STM32_WPAN/App/app_zigbee.c:373:6:APP_ZIGBEE_Error	16	static
../STM32_WPAN/App/app_zigbee.c:396:13:APP_ZIGBEE_TraceError	24	static
../STM32_WPAN/App/app_zigbee.c:410:13:APP_ZIGBEE_CheckWirelessFirmwareInfo	104	static
../STM32_WPAN/App/app_zigbee.c:485:6:APP_ZIGBEE_RegisterCmdBuffer	16	static
../STM32_WPAN/App/app_zigbee.c:490:24:ZIGBEE_Get_OTCmdPayloadBuffer	4	static
../STM32_WPAN/App/app_zigbee.c:495:24:ZIGBEE_Get_OTCmdRspPayloadBuffer	4	static
../STM32_WPAN/App/app_zigbee.c:500:24:ZIGBEE_Get_NotificationPayloadBuffer	4	static
../STM32_WPAN/App/app_zigbee.c:505:24:ZIGBEE_Get_M0RequestPayloadBuffer	4	static
../STM32_WPAN/App/app_zigbee.c:516:6:ZIGBEE_CmdTransfer	16	static
../STM32_WPAN/App/app_zigbee.c:538:6:ZIGBEE_CmdTransferWithNotif	8	static
../STM32_WPAN/App/app_zigbee.c:551:6:TL_ZIGBEE_CmdEvtReceived	16	static
../STM32_WPAN/App/app_zigbee.c:565:6:TL_ZIGBEE_NotReceived	16	static
../STM32_WPAN/App/app_zigbee.c:580:6:Pre_ZigbeeCmdProcessing	8	static
../STM32_WPAN/App/app_zigbee.c:591:13:Wait_Getting_Ack_From_M0	8	static
../STM32_WPAN/App/app_zigbee.c:603:13:Receive_Ack_From_M0	8	static
../STM32_WPAN/App/app_zigbee.c:614:13:Receive_Notification_From_M0	8	static
../STM32_WPAN/App/app_zigbee.c:626:6:TL_ZIGBEE_M0RequestReceived	16	static
../STM32_WPAN/App/app_zigbee.c:639:6:APP_ZIGBEE_TL_INIT	8	static
../STM32_WPAN/App/app_zigbee.c:652:13:APP_ZIGBEE_ProcessNotifyM0ToM4	8	static
../STM32_WPAN/App/app_zigbee.c:667:13:APP_ZIGBEE_ProcessRequestM0ToM4	8	static
../STM32_WPAN/App/app_zigbee.c:684:13:APP_ZIGBEE_App_Init	8	static
../STM32_WPAN/App/app_zigbee.c:698:13:APP_ZIGBEE_Sensor_Server_Init	8	static
../STM32_WPAN/App/app_zigbee.c:705:13:APP_ZIGBEE_Update_Sensor_Data	32	static
