../STM32_WPAN/App/app_zigbee.c:149:6:APP_ZIGBEE_Init	16	static
../STM32_WPAN/App/app_zigbee.c:191:13:APP_ZIGBEE_StackLayersInit	8	static
../STM32_WPAN/App/app_zigbee.c:221:13:APP_ZIGBEE_ConfigEndpoints	48	static
../STM32_WPAN/App/app_zigbee.c:279:13:APP_ZIGBEE_NwkForm	496	static
../STM32_WPAN/App/app_zigbee.c:361:13:ZbStartupWaitCb	24	static
../STM32_WPAN/App/app_zigbee.c:370:20:ZbStartupWait	24	static
../STM32_WPAN/App/app_zigbee.c:402:6:APP_ZIGBEE_Error	16	static
../STM32_WPAN/App/app_zigbee.c:425:13:APP_ZIGBEE_TraceError	24	static
../STM32_WPAN/App/app_zigbee.c:439:13:APP_ZIGBEE_CheckWirelessFirmwareInfo	104	static
../STM32_WPAN/App/app_zigbee.c:514:6:APP_ZIGBEE_RegisterCmdBuffer	16	static
../STM32_WPAN/App/app_zigbee.c:519:24:ZIGBEE_Get_OTCmdPayloadBuffer	4	static
../STM32_WPAN/App/app_zigbee.c:524:24:ZIGBEE_Get_OTCmdRspPayloadBuffer	4	static
../STM32_WPAN/App/app_zigbee.c:529:24:ZIGBEE_Get_NotificationPayloadBuffer	4	static
../STM32_WPAN/App/app_zigbee.c:534:24:ZIGBEE_Get_M0RequestPayloadBuffer	4	static
../STM32_WPAN/App/app_zigbee.c:545:6:ZIGBEE_CmdTransfer	16	static
../STM32_WPAN/App/app_zigbee.c:567:6:ZIGBEE_CmdTransferWithNotif	8	static
../STM32_WPAN/App/app_zigbee.c:580:6:TL_ZIGBEE_CmdEvtReceived	16	static
../STM32_WPAN/App/app_zigbee.c:594:6:TL_ZIGBEE_NotReceived	16	static
../STM32_WPAN/App/app_zigbee.c:609:6:Pre_ZigbeeCmdProcessing	8	static
../STM32_WPAN/App/app_zigbee.c:620:13:Wait_Getting_Ack_From_M0	8	static
../STM32_WPAN/App/app_zigbee.c:632:13:Receive_Ack_From_M0	8	static
../STM32_WPAN/App/app_zigbee.c:643:13:Receive_Notification_From_M0	8	static
../STM32_WPAN/App/app_zigbee.c:655:6:TL_ZIGBEE_M0RequestReceived	16	static
../STM32_WPAN/App/app_zigbee.c:668:6:APP_ZIGBEE_TL_INIT	8	static
../STM32_WPAN/App/app_zigbee.c:681:13:APP_ZIGBEE_ProcessNotifyM0ToM4	8	static
../STM32_WPAN/App/app_zigbee.c:696:13:APP_ZIGBEE_ProcessRequestM0ToM4	8	static
../STM32_WPAN/App/app_zigbee.c:713:13:APP_ZIGBEE_App_Init	8	static
../STM32_WPAN/App/app_zigbee.c:727:13:APP_ZIGBEE_Sensor_Server_Init	8	static
../STM32_WPAN/App/app_zigbee.c:734:13:APP_ZIGBEE_Update_Sensor_Data	112	static
