../Core/Src/SCD41-CO2Sensor.c:12:26:SCD41_VerifyCheckSum	24	static
../Core/Src/SCD41-CO2Sensor.c:31:26:SCD41_GenerateCheckSum	24	static
../Core/Src/SCD41-CO2Sensor.c:52:26:SCD41_SendSequence	32	static
../Core/Src/SCD41-CO2Sensor.c:64:26:SCD41_ReadSequence	40	static
../Core/Src/SCD41-CO2Sensor.c:90:26:SCD41_WriteSequence	40	static
../Core/Src/SCD41-CO2Sensor.c:111:19:SCD41_GetSensorVariant	16	static
../Core/Src/SCD41-CO2Sensor.c:119:19:SCD41_StartPeriodicMeasurement	8	static
../Core/Src/SCD41-CO2Sensor.c:127:19:SCD41_ReadMeasurement	32	static
../Core/Src/SCD41-CO2Sensor.c:153:19:SCD41_StopPeriodicMeasurement	8	static
../Core/Src/SCD41-CO2Sensor.c:163:19:SCD41_GetAmbientPressure	24	static
../Core/Src/SCD41-CO2Sensor.c:174:19:SCD41_SetAmbientPressure	24	static
../Core/Src/SCD41-CO2Sensor.c:183:19:SCD41_GetDataReadyStatus	24	static
